Archive member included to satisfy reference by file (symbol)

c:/st/stm32cubeide_1.11.2/stm32cubeide/plugins/com.st.stm32cube.ide.mcu.externaltools.gnu-tools-for-stm32.10.3-2021.10.win32_1.0.200.202301161003/tools/bin/../lib/gcc/arm-none-eabi/10.3.1/../../../../arm-none-eabi/lib/thumb/v7e-m+fp/hard\libc_nano.a(lib_a-ctype_.o)
                              ./Core/Src/main.o (_ctype_)
c:/st/stm32cubeide_1.11.2/stm32cubeide/plugins/com.st.stm32cube.ide.mcu.externaltools.gnu-tools-for-stm32.10.3-2021.10.win32_1.0.200.202301161003/tools/bin/../lib/gcc/arm-none-eabi/10.3.1/../../../../arm-none-eabi/lib/thumb/v7e-m+fp/hard\libc_nano.a(lib_a-errno.o)
                              ./Core/Src/syscalls.o (__errno)
c:/st/stm32cubeide_1.11.2/stm32cubeide/plugins/com.st.stm32cube.ide.mcu.externaltools.gnu-tools-for-stm32.10.3-2021.10.win32_1.0.200.202301161003/tools/bin/../lib/gcc/arm-none-eabi/10.3.1/../../../../arm-none-eabi/lib/thumb/v7e-m+fp/hard\libc_nano.a(lib_a-exit.o)
                              c:/st/stm32cubeide_1.11.2/stm32cubeide/plugins/com.st.stm32cube.ide.mcu.externaltools.gnu-tools-for-stm32.10.3-2021.10.win32_1.0.200.202301161003/tools/bin/../lib/gcc/arm-none-eabi/10.3.1/../../../../arm-none-eabi/lib/thumb/v7e-m+fp/hard/crt0.o (exit)
c:/st/stm32cubeide_1.11.2/stm32cubeide/plugins/com.st.stm32cube.ide.mcu.externaltools.gnu-tools-for-stm32.10.3-2021.10.win32_1.0.200.202301161003/tools/bin/../lib/gcc/arm-none-eabi/10.3.1/../../../../arm-none-eabi/lib/thumb/v7e-m+fp/hard\libc_nano.a(lib_a-impure.o)
                              c:/st/stm32cubeide_1.11.2/stm32cubeide/plugins/com.st.stm32cube.ide.mcu.externaltools.gnu-tools-for-stm32.10.3-2021.10.win32_1.0.200.202301161003/tools/bin/../lib/gcc/arm-none-eabi/10.3.1/../../../../arm-none-eabi/lib/thumb/v7e-m+fp/hard\libc_nano.a(lib_a-exit.o) (_global_impure_ptr)
c:/st/stm32cubeide_1.11.2/stm32cubeide/plugins/com.st.stm32cube.ide.mcu.externaltools.gnu-tools-for-stm32.10.3-2021.10.win32_1.0.200.202301161003/tools/bin/../lib/gcc/arm-none-eabi/10.3.1/../../../../arm-none-eabi/lib/thumb/v7e-m+fp/hard\libc_nano.a(lib_a-init.o)
                              c:/st/stm32cubeide_1.11.2/stm32cubeide/plugins/com.st.stm32cube.ide.mcu.externaltools.gnu-tools-for-stm32.10.3-2021.10.win32_1.0.200.202301161003/tools/bin/../lib/gcc/arm-none-eabi/10.3.1/../../../../arm-none-eabi/lib/thumb/v7e-m+fp/hard/crt0.o (__libc_init_array)
c:/st/stm32cubeide_1.11.2/stm32cubeide/plugins/com.st.stm32cube.ide.mcu.externaltools.gnu-tools-for-stm32.10.3-2021.10.win32_1.0.200.202301161003/tools/bin/../lib/gcc/arm-none-eabi/10.3.1/../../../../arm-none-eabi/lib/thumb/v7e-m+fp/hard\libc_nano.a(lib_a-memcpy-stub.o)
                              ./USB_Device/App/usbd_cdc_if.o (memcpy)
c:/st/stm32cubeide_1.11.2/stm32cubeide/plugins/com.st.stm32cube.ide.mcu.externaltools.gnu-tools-for-stm32.10.3-2021.10.win32_1.0.200.202301161003/tools/bin/../lib/gcc/arm-none-eabi/10.3.1/../../../../arm-none-eabi/lib/thumb/v7e-m+fp/hard\libc_nano.a(lib_a-memset.o)
                              c:/st/stm32cubeide_1.11.2/stm32cubeide/plugins/com.st.stm32cube.ide.mcu.externaltools.gnu-tools-for-stm32.10.3-2021.10.win32_1.0.200.202301161003/tools/bin/../lib/gcc/arm-none-eabi/10.3.1/../../../../arm-none-eabi/lib/thumb/v7e-m+fp/hard/crt0.o (memset)
c:/st/stm32cubeide_1.11.2/stm32cubeide/plugins/com.st.stm32cube.ide.mcu.externaltools.gnu-tools-for-stm32.10.3-2021.10.win32_1.0.200.202301161003/tools/bin/../lib/gcc/arm-none-eabi/10.3.1/../../../../arm-none-eabi/lib/thumb/v7e-m+fp/hard\libc_nano.a(lib_a-printf.o)
                              ./Core/Src/main.o (printf)
c:/st/stm32cubeide_1.11.2/stm32cubeide/plugins/com.st.stm32cube.ide.mcu.externaltools.gnu-tools-for-stm32.10.3-2021.10.win32_1.0.200.202301161003/tools/bin/../lib/gcc/arm-none-eabi/10.3.1/../../../../arm-none-eabi/lib/thumb/v7e-m+fp/hard\libc_nano.a(lib_a-puts.o)
                              ./Core/Src/main.o (puts)
c:/st/stm32cubeide_1.11.2/stm32cubeide/plugins/com.st.stm32cube.ide.mcu.externaltools.gnu-tools-for-stm32.10.3-2021.10.win32_1.0.200.202301161003/tools/bin/../lib/gcc/arm-none-eabi/10.3.1/../../../../arm-none-eabi/lib/thumb/v7e-m+fp/hard\libc_nano.a(lib_a-sprintf.o)
                              ./Core/Src/main.o (sprintf)
c:/st/stm32cubeide_1.11.2/stm32cubeide/plugins/com.st.stm32cube.ide.mcu.externaltools.gnu-tools-for-stm32.10.3-2021.10.win32_1.0.200.202301161003/tools/bin/../lib/gcc/arm-none-eabi/10.3.1/../../../../arm-none-eabi/lib/thumb/v7e-m+fp/hard\libc_nano.a(lib_a-wbuf.o)
                              c:/st/stm32cubeide_1.11.2/stm32cubeide/plugins/com.st.stm32cube.ide.mcu.externaltools.gnu-tools-for-stm32.10.3-2021.10.win32_1.0.200.202301161003/tools/bin/../lib/gcc/arm-none-eabi/10.3.1/../../../../arm-none-eabi/lib/thumb/v7e-m+fp/hard\libc_nano.a(lib_a-puts.o) (__swbuf_r)
[...]
Memory Configuration

Name             Origin             Length             Attributes
RAM              0x0000000020000000 0x0000000000020000 xrw
FLASH            0x0000000008000000 0x0000000000020000 xr
*default*        0x0000000000000000 0xffffffffffffffff

Linker script and memory map

LOAD c:/st/stm32cubeide_1.11.2/stm32cubeide/plugins/com.st.stm32cube.ide.mcu.externaltools.gnu-tools-for-stm32.10.3-2021.10.win32_1.0.200.202301161003/tools/bin/../lib/gcc/arm-none-eabi/10.3.1/thumb/v7e-m+fp/hard/crti.o
LOAD c:/st/stm32cubeide_1.11.2/stm32cubeide/plugins/com.st.stm32cube.ide.mcu.externaltools.gnu-tools-for-stm32.10.3-2021.10.win32_1.0.200.202301161003/tools/bin/../lib/gcc/arm-none-eabi/10.3.1/thumb/v7e-m+fp/hard/crtbegin.o
LOAD c:/st/stm32cubeide_1.11.2/stm32cubeide/plugins/com.st.stm32cube.ide.mcu.externaltools.gnu-tools-for-stm32.10.3-2021.10.win32_1.0.200.202301161003/tools/bin/../lib/gcc/arm-none-eabi/10.3.1/../../../../arm-none-eabi/lib/thumb/v7e-m+fp/hard/crt0.o
LOAD ./Core/Src/main.o
LOAD ./Core/Src/stm32g4xx_hal_msp.o
LOAD ./Core/Src/stm32g4xx_it.o
LOAD ./Core/Src/syscalls.o
LOAD ./Core/Src/sysmem.o
LOAD ./Core/Src/system_stm32g4xx.o
LOAD ./Core/Startup/startup_stm32g473cbtx.o
LOAD ./Drivers/STM32G4xx_HAL_Driver/Src/stm32g4xx_hal.o
LOAD ./Drivers/STM32G4xx_HAL_Driver/Src/stm32g4xx_hal_adc.o
LOAD ./Drivers/STM32G4xx_HAL_Driver/Src/stm32g4xx_hal_adc_ex.o
LOAD ./Drivers/STM32G4xx_HAL_Driver/Src/stm32g4xx_hal_cortex.o
LOAD ./Drivers/STM32G4xx_HAL_Driver/Src/stm32g4xx_hal_dac.o
LOAD ./Drivers/STM32G4xx_HAL_Driver/Src/stm32g4xx_hal_dac_ex.o
LOAD ./Drivers/STM32G4xx_HAL_Driver/Src/stm32g4xx_hal_dma.o
LOAD ./Drivers/STM32G4xx_HAL_Driver/Src/stm32g4xx_hal_dma_ex.o
LOAD ./Drivers/STM32G4xx_HAL_Driver/Src/stm32g4xx_hal_exti.o
LOAD ./Drivers/STM32G4xx_HAL_Driver/Src/stm32g4xx_hal_flash.o
LOAD ./Drivers/STM32G4xx_HAL_Driver/Src/stm32g4xx_hal_flash_ex.o
LOAD ./Drivers/STM32G4xx_HAL_Driver/Src/stm32g4xx_hal_flash_ramfunc.o
LOAD ./Drivers/STM32G4xx_HAL_Driver/Src/stm32g4xx_hal_gpio.o
LOAD ./Drivers/STM32G4xx_HAL_Driver/Src/stm32g4xx_hal_opamp.o
LOAD ./Drivers/STM32G4xx_HAL_Driver/Src/stm32g4xx_hal_opamp_ex.o
LOAD ./Drivers/STM32G4xx_HAL_Driver/Src/stm32g4xx_hal_pcd.o
LOAD ./Drivers/STM32G4xx_HAL_Driver/Src/stm32g4xx_hal_pcd_ex.o
LOAD ./Drivers/STM32G4xx_HAL_Driver/Src/stm32g4xx_hal_pwr.o
LOAD ./Drivers/STM32G4xx_HAL_Driver/Src/stm32g4xx_hal_pwr_ex.o
LOAD ./Drivers/STM32G4xx_HAL_Driver/Src/stm32g4xx_hal_rcc.o
LOAD ./Drivers/STM32G4xx_HAL_Driver/Src/stm32g4xx_hal_rcc_ex.o
LOAD ./Drivers/STM32G4xx_HAL_Driver/Src/stm32g4xx_hal_tim.o
LOAD ./Drivers/STM32G4xx_HAL_Driver/Src/stm32g4xx_hal_tim_ex.o
LOAD ./Drivers/STM32G4xx_HAL_Driver/Src/stm32g4xx_ll_adc.o
LOAD ./Drivers/STM32G4xx_HAL_Driver/Src/stm32g4xx_ll_usb.o
LOAD ./Middlewares/ST/STM32_USB_Device_Library/Class/CDC/Src/usbd_cdc.o
LOAD ./Middlewares/ST/STM32_USB_Device_Library/Core/Src/usbd_core.o
LOAD ./Middlewares/ST/STM32_USB_Device_Library/Core/Src/usbd_ctlreq.o
LOAD ./Middlewares/ST/STM32_USB_Device_Library/Core/Src/usbd_ioreq.o
LOAD ./USB_Device/App/usb_device.o
LOAD ./USB_Device/App/usbd_cdc_if.o
LOAD ./USB_Device/App/usbd_desc.o
LOAD ./USB_Device/Target/usbd_conf.o
START GROUP
LOAD c:/st/stm32cubeide_1.11.2/stm32cubeide/plugins/com.st.stm32cube.ide.mcu.externaltools.gnu-tools-for-stm32.10.3-2021.10.win32_1.0.200.202301161003/tools/bin/../lib/gcc/arm-none-eabi/10.3.1/../../../../arm-none-eabi/lib/thumb/v7e-m+fp/hard\libc_nano.a
LOAD c:/st/stm32cubeide_1.11.2/stm32cubeide/plugins/com.st.stm32cube.ide.mcu.externaltools.gnu-tools-for-stm32.10.3-2021.10.win32_1.0.200.202301161003/tools/bin/../lib/gcc/arm-none-eabi/10.3.1/../../../../arm-none-eabi/lib/thumb/v7e-m+fp/hard\libm.a
END GROUP
START GROUP
LOAD c:/st/stm32cubeide_1.11.2/stm32cubeide/plugins/com.st.stm32cube.ide.mcu.externaltools.gnu-tools-for-stm32.10.3-2021.10.win32_1.0.200.202301161003/tools/bin/../lib/gcc/arm-none-eabi/10.3.1/thumb/v7e-m+fp/hard\libgcc.a
LOAD c:/st/stm32cubeide_1.11.2/stm32cubeide/plugins/com.st.stm32cube.ide.mcu.externaltools.gnu-tools-for-stm32.10.3-2021.10.win32_1.0.200.202301161003/tools/bin/../lib/gcc/arm-none-eabi/10.3.1/../../../../arm-none-eabi/lib/thumb/v7e-m+fp/hard\libc_nano.a
END GROUP
START GROUP
LOAD c:/st/stm32cubeide_1.11.2/stm32cubeide/plugins/com.st.stm32cube.ide.mcu.externaltools.gnu-tools-for-stm32.10.3-2021.10.win32_1.0.200.202301161003/tools/bin/../lib/gcc/arm-none-eabi/10.3.1/thumb/v7e-m+fp/hard\libgcc.a
LOAD c:/st/stm32cubeide_1.11.2/stm32cubeide/plugins/com.st.stm32cube.ide.mcu.externaltools.gnu-tools-for-stm32.10.3-2021.10.win32_1.0.200.202301161003/tools/bin/../lib/gcc/arm-none-eabi/10.3.1/../../../../arm-none-eabi/lib/thumb/v7e-m+fp/hard\libc_nano.a
LOAD c:/st/stm32cubeide_1.11.2/stm32cubeide/plugins/com.st.stm32cube.ide.mcu.externaltools.gnu-tools-for-stm32.10.3-2021.10.win32_1.0.200.202301161003/tools/bin/../lib/gcc/arm-none-eabi/10.3.1/../../../../arm-none-eabi/lib/thumb/v7e-m+fp/hard\libnosys.a
END GROUP
START GROUP
LOAD c:/st/stm32cubeide_1.11.2/stm32cubeide/plugins/com.st.stm32cube.ide.mcu.externaltools.gnu-tools-for-stm32.10.3-2021.10.win32_1.0.200.202301161003/tools/bin/../lib/gcc/arm-none-eabi/10.3.1/thumb/v7e-m+fp/hard\libgcc.a
LOAD c:/st/stm32cubeide_1.11.2/stm32cubeide/plugins/com.st.stm32cube.ide.mcu.externaltools.gnu-tools-for-stm32.10.3-2021.10.win32_1.0.200.202301161003/tools/bin/../lib/gcc/arm-none-eabi/10.3.1/../../../../arm-none-eabi/lib/thumb/v7e-m+fp/hard\libc_nano.a
LOAD c:/st/stm32cubeide_1.11.2/stm32cubeide/plugins/com.st.stm32cube.ide.mcu.externaltools.gnu-tools-for-stm32.10.3-2021.10.win32_1.0.200.202301161003/tools/bin/../lib/gcc/arm-none-eabi/10.3.1/../../../../arm-none-eabi/lib/thumb/v7e-m+fp/hard\libnosys.a
END GROUP
LOAD c:/st/stm32cubeide_1.11.2/stm32cubeide/plugins/com.st.stm32cube.ide.mcu.externaltools.gnu-tools-for-stm32.10.3-2021.10.win32_1.0.200.202301161003/tools/bin/../lib/gcc/arm-none-eabi/10.3.1/thumb/v7e-m+fp/hard/crtend.o
LOAD c:/st/stm32cubeide_1.11.2/stm32cubeide/plugins/com.st.stm32cube.ide.mcu.externaltools.gnu-tools-for-stm32.10.3-2021.10.win32_1.0.200.202301161003/tools/bin/../lib/gcc/arm-none-eabi/10.3.1/thumb/v7e-m+fp/hard/crtn.o
                0x0000000020020000                _estack = (ORIGIN (RAM) + LENGTH (RAM))
                0x0000000000000200                _Min_Heap_Size = 0x200
                0x0000000000000400                _Min_Stack_Size = 0x400

.isr_vector     0x0000000008000000      0x1d8
                0x0000000008000000                . = ALIGN (0x4)
 *(.isr_vector)
 .isr_vector    0x0000000008000000      0x1d8 ./Core/Startup/startup_stm32g473cbtx.o
                0x0000000008000000                g_pfnVectors
                0x00000000080001d8                . = ALIGN (0x4)

.text           0x00000000080001e0     0xd0f4
                0x00000000080001e0                . = ALIGN (0x4)
 *(.text)
 .text          0x00000000080001e0       0x40 c:/st/stm32cubeide_1.11.2/stm32cubeide/plugins/com.st.stm32cube.ide.mcu.externaltools.gnu-tools-for-stm32.10.3-2021.10.win32_1.0.200.202301161003/tools/bin/../lib/gcc/arm-none-eabi/10.3.1/thumb/v7e-m+fp/hard/crtbegin.o
 .text          0x0000000008000220       0xa0 c:/st/stm32cubeide_1.11.2/stm32cubeide/plugins/com.st.stm32cube.ide.mcu.externaltools.gnu-tools-for-stm32.10.3-2021.10.win32_1.0.200.202301161003/tools/bin/../lib/gcc/arm-none-eabi/10.3.1/../../../../arm-none-eabi/lib/thumb/v7e-m+fp/hard\libc_nano.a(lib_a-memchr.o)
                0x0000000008000220                memchr
 .text          0x00000000080002c0      0x378 c:/st/stm32cubeide_1.11.2/stm32cubeide/plugins/com.st.stm32cube.ide.mcu.externaltools.gnu-tools-for-stm32.10.3-2021.10.win32_1.0.200.202301161003/tools/bin/../lib/gcc/arm-none-eabi/10.3.1/thumb/v7e-m+fp/hard\libgcc.a(_arm_addsubdf3.o)
                0x00000000080002c0                __aeabi_drsub
                0x00000000080002c8                __aeabi_dsub
                0x00000000080002c8                __subdf3
                0x00000000080002cc                __aeabi_dadd
                0x00000000080002cc                __adddf3
                0x0000000008000544                __floatunsidf
                0x0000000008000544                __aeabi_ui2d
                0x0000000008000564                __floatsidf
                0x0000000008000564                __aeabi_i2d
                0x0000000008000588                __aeabi_f2d
                0x0000000008000588                __extendsfdf2
                0x00000000080005cc                __floatundidf
                0x00000000080005cc                __aeabi_ul2d
                0x00000000080005dc                __floatdidf
                0x00000000080005dc                __aeabi_l2d
 .text          0x0000000008000638       0x50 c:/st/stm32cubeide_1.11.2/stm32cubeide/plugins/com.st.stm32cube.ide.mcu.externaltools.gnu-tools-for-stm32.10.3-2021.10.win32_1.0.200.202301161003/tools/bin/../lib/gcc/arm-none-eabi/10.3.1/thumb/v7e-m+fp/hard\libgcc.a(_arm_fixdfsi.o)
                0x0000000008000638                __aeabi_d2iz
                0x0000000008000638                __fixdfsi
 *(.text*)
 .text.delay_us
                0x0000000008000688       0x34 ./Core/Src/main.o
                0x0000000008000688                delay_us
 .text._write   0x00000000080006bc       0x44 ./Core/Src/main.o
                0x00000000080006bc                _write
 .text.analogRead
                0x0000000008000700       0x78 ./Core/Src/main.o
                0x0000000008000700                analogRead
 .text.getNum   0x0000000008000778       0x6c ./Core/Src/main.o
                0x0000000008000778                getNum
 .text.fineFocus
                0x00000000080007e4      0x1a0 ./Core/Src/main.o
                0x00000000080007e4                fineFocus
 .text.coarseFocus
                0x0000000008000984      0x120 ./Core/Src/main.o
                0x0000000008000984                coarseFocus
 .text.scan     0x0000000008000aa4      0x208 ./Core/Src/main.o
                0x0000000008000aa4                scan
 .text.main     0x0000000008000cac      0x434 ./Core/Src/main.o
                0x0000000008000cac                main
 .text.SystemClock_Config
                0x00000000080010e0       0x94 ./Core/Src/main.o
                0x00000000080010e0                SystemClock_Config
 .text.MX_ADC1_Init
                0x0000000008001174       0xf0 ./Core/Src/main.o
 .text.MX_ADC5_Init
                0x0000000008001264       0xcc ./Core/Src/main.o
 .text.MX_DAC1_Init
                0x0000000008001330       0x88 ./Core/Src/main.o
 .text.MX_DAC2_Init
                0x00000000080013b8       0x74 ./Core/Src/main.o
 .text.MX_DAC3_Init
                0x000000000800142c       0x88 ./Core/Src/main.o
 .text.MX_OPAMP1_Init
                0x00000000080014b4       0x60 ./Core/Src/main.o
 .text.MX_OPAMP3_Init
                0x0000000008001514       0x4c ./Core/Src/main.o
 .text.MX_OPAMP4_Init
                0x0000000008001560       0x60 ./Core/Src/main.o
 .text.MX_OPAMP6_Init
                0x00000000080015c0       0x4c ./Core/Src/main.o
 .text.MX_TIM1_Init
                0x000000000800160c       0xa8 ./Core/Src/main.o
 .text.MX_GPIO_Init
                0x00000000080016b4       0x60 ./Core/Src/main.o
 .text.Error_Handler
                0x0000000008001714        0xa ./Core/Src/main.o
                0x0000000008001714                Error_Handler
 *fill*         0x000000000800171e        0x2 
 .text.HAL_MspInit
                0x0000000008001720       0x48 ./Core/Src/stm32g4xx_hal_msp.o
                0x0000000008001720                HAL_MspInit
 .text.HAL_ADC_MspInit
                0x0000000008001768       0xac ./Core/Src/stm32g4xx_hal_msp.o
                0x0000000008001768                HAL_ADC_MspInit
 .text.HAL_DAC_MspInit
                0x0000000008001814      0x100 ./Core/Src/stm32g4xx_hal_msp.o
                0x0000000008001814                HAL_DAC_MspInit
 .text.HAL_OPAMP_MspInit
                0x0000000008001914      0x12c ./Core/Src/stm32g4xx_hal_msp.o
                0x0000000008001914                HAL_OPAMP_MspInit
 .text.HAL_TIM_Base_MspInit
                0x0000000008001a40       0x40 ./Core/Src/stm32g4xx_hal_msp.o
                0x0000000008001a40                HAL_TIM_Base_MspInit
 .text.NMI_Handler
                0x0000000008001a80        0x6 ./Core/Src/stm32g4xx_it.o
                0x0000000008001a80                NMI_Handler
 .text.HardFault_Handler
                0x0000000008001a86        0x6 ./Core/Src/stm32g4xx_it.o
                0x0000000008001a86                HardFault_Handler
 .text.MemManage_Handler
                0x0000000008001a8c        0x6 ./Core/Src/stm32g4xx_it.o
                0x0000000008001a8c                MemManage_Handler
 .text.BusFault_Handler
                0x0000000008001a92        0x6 ./Core/Src/stm32g4xx_it.o
                0x0000000008001a92                BusFault_Handler
 .text.UsageFault_Handler
                0x0000000008001a98        0x6 ./Core/Src/stm32g4xx_it.o
                0x0000000008001a98                UsageFault_Handler
 .text.SVC_Handler
                0x0000000008001a9e        0xe ./Core/Src/stm32g4xx_it.o
                0x0000000008001a9e                SVC_Handler
 .text.DebugMon_Handler
                0x0000000008001aac        0xe ./Core/Src/stm32g4xx_it.o
                0x0000000008001aac                DebugMon_Handler
 .text.PendSV_Handler
                0x0000000008001aba        0xe ./Core/Src/stm32g4xx_it.o
                0x0000000008001aba                PendSV_Handler
 .text.SysTick_Handler
                0x0000000008001ac8        0xc ./Core/Src/stm32g4xx_it.o
                0x0000000008001ac8                SysTick_Handler
 .text.USB_LP_IRQHandler
                0x0000000008001ad4       0x14 ./Core/Src/stm32g4xx_it.o
                0x0000000008001ad4                USB_LP_IRQHandler
 .text._read    0x0000000008001ae8       0x3a ./Core/Src/syscalls.o
                0x0000000008001ae8                _read
 .text._close   0x0000000008001b22       0x18 ./Core/Src/syscalls.o
                0x0000000008001b22                _close
 .text._fstat   0x0000000008001b3a       0x20 ./Core/Src/syscalls.o
                0x0000000008001b3a                _fstat
 .text._isatty  0x0000000008001b5a       0x16 ./Core/Src/syscalls.o
                0x0000000008001b5a                _isatty
 .text._lseek   0x0000000008001b70       0x1a ./Core/Src/syscalls.o
                0x0000000008001b70                _lseek
 *fill*         0x0000000008001b8a        0x2 
 .text._sbrk    0x0000000008001b8c       0x6c ./Core/Src/sysmem.o
                0x0000000008001b8c                _sbrk
 .text.SystemInit
                0x0000000008001bf8       0x24 ./Core/Src/system_stm32g4xx.o
                0x0000000008001bf8                SystemInit
 .text.Reset_Handler
                0x0000000008001c1c       0x50 ./Core/Startup/startup_stm32g473cbtx.o
                0x0000000008001c1c                Reset_Handler
 .text.Default_Handler
                0x0000000008001c6c        0x2 ./Core/Startup/startup_stm32g473cbtx.o
                0x0000000008001c6c                RTC_Alarm_IRQHandler
                0x0000000008001c6c                EXTI2_IRQHandler
                0x0000000008001c6c                TIM8_TRG_COM_IRQHandler
                0x0000000008001c6c                TIM8_CC_IRQHandler
                0x0000000008001c6c                SPI4_IRQHandler
                0x0000000008001c6c                FDCAN3_IT0_IRQHandler
                0x0000000008001c6c                TIM1_CC_IRQHandler
                0x0000000008001c6c                USB_HP_IRQHandler
                0x0000000008001c6c                CORDIC_IRQHandler
                0x0000000008001c6c                DMA2_Channel8_IRQHandler
                0x0000000008001c6c                EXTI3_IRQHandler
                0x0000000008001c6c                I2C3_ER_IRQHandler
                0x0000000008001c6c                EXTI0_IRQHandler
                0x0000000008001c6c                I2C2_EV_IRQHandler
                0x0000000008001c6c                FPU_IRQHandler
                0x0000000008001c6c                FDCAN1_IT1_IRQHandler
                0x0000000008001c6c                TIM1_UP_TIM16_IRQHandler
                0x0000000008001c6c                ADC1_2_IRQHandler
                0x0000000008001c6c                SPI1_IRQHandler
                0x0000000008001c6c                TIM6_DAC_IRQHandler
                0x0000000008001c6c                TIM8_UP_IRQHandler
                0x0000000008001c6c                DMA2_Channel2_IRQHandler
                0x0000000008001c6c                DMA1_Channel4_IRQHandler
                0x0000000008001c6c                TIM20_TRG_COM_IRQHandler
                0x0000000008001c6c                USART3_IRQHandler
                0x0000000008001c6c                DMA1_Channel7_IRQHandler
                0x0000000008001c6c                UART5_IRQHandler
                0x0000000008001c6c                ADC3_IRQHandler
                0x0000000008001c6c                TIM4_IRQHandler
                0x0000000008001c6c                DMA2_Channel1_IRQHandler
                0x0000000008001c6c                QUADSPI_IRQHandler
                0x0000000008001c6c                I2C1_EV_IRQHandler
                0x0000000008001c6c                DMA1_Channel6_IRQHandler
                0x0000000008001c6c                UART4_IRQHandler
                0x0000000008001c6c                DMA2_Channel4_IRQHandler
                0x0000000008001c6c                TIM3_IRQHandler
                0x0000000008001c6c                RCC_IRQHandler
                0x0000000008001c6c                TIM20_UP_IRQHandler
                0x0000000008001c6c                DMA1_Channel1_IRQHandler
                0x0000000008001c6c                Default_Handler
                0x0000000008001c6c                DMA2_Channel7_IRQHandler
                0x0000000008001c6c                RTC_TAMP_LSECSS_IRQHandler
                0x0000000008001c6c                FMAC_IRQHandler
                0x0000000008001c6c                EXTI15_10_IRQHandler
                0x0000000008001c6c                DMA1_Channel8_IRQHandler
                0x0000000008001c6c                TIM7_DAC_IRQHandler
                0x0000000008001c6c                FDCAN3_IT1_IRQHandler
                0x0000000008001c6c                TIM5_IRQHandler
                0x0000000008001c6c                UCPD1_IRQHandler
                0x0000000008001c6c                I2C3_EV_IRQHandler
                0x0000000008001c6c                EXTI9_5_IRQHandler
                0x0000000008001c6c                RTC_WKUP_IRQHandler
                0x0000000008001c6c                PVD_PVM_IRQHandler
                0x0000000008001c6c                SPI2_IRQHandler
                0x0000000008001c6c                ADC5_IRQHandler
                0x0000000008001c6c                DMA2_Channel5_IRQHandler
                0x0000000008001c6c                CRS_IRQHandler
                0x0000000008001c6c                DMA1_Channel5_IRQHandler
                0x0000000008001c6c                EXTI4_IRQHandler
                0x0000000008001c6c                RNG_IRQHandler
                0x0000000008001c6c                TIM1_TRG_COM_TIM17_IRQHandler
                0x0000000008001c6c                FDCAN2_IT1_IRQHandler
                0x0000000008001c6c                DMA1_Channel3_IRQHandler
                0x0000000008001c6c                ADC4_IRQHandler
                0x0000000008001c6c                WWDG_IRQHandler
                0x0000000008001c6c                I2C4_EV_IRQHandler
                0x0000000008001c6c                FDCAN2_IT0_IRQHandler
                0x0000000008001c6c                LPUART1_IRQHandler
                0x0000000008001c6c                DMA2_Channel6_IRQHandler
                0x0000000008001c6c                FDCAN1_IT0_IRQHandler
                0x0000000008001c6c                TIM2_IRQHandler
                0x0000000008001c6c                COMP7_IRQHandler
                0x0000000008001c6c                COMP1_2_3_IRQHandler
                0x0000000008001c6c                EXTI1_IRQHandler
                0x0000000008001c6c                USART2_IRQHandler
                0x0000000008001c6c                COMP4_5_6_IRQHandler
                0x0000000008001c6c                TIM20_BRK_IRQHandler
                0x0000000008001c6c                I2C2_ER_IRQHandler
                0x0000000008001c6c                DMA1_Channel2_IRQHandler
                0x0000000008001c6c                TIM8_BRK_IRQHandler
                0x0000000008001c6c                FLASH_IRQHandler
                0x0000000008001c6c                TIM20_CC_IRQHandler
                0x0000000008001c6c                USART1_IRQHandler
                0x0000000008001c6c                SPI3_IRQHandler
                0x0000000008001c6c                I2C1_ER_IRQHandler
                0x0000000008001c6c                FMC_IRQHandler
                0x0000000008001c6c                LPTIM1_IRQHandler
                0x0000000008001c6c                DMAMUX_OVR_IRQHandler
                0x0000000008001c6c                I2C4_ER_IRQHandler
                0x0000000008001c6c                USBWakeUp_IRQHandler
                0x0000000008001c6c                SAI1_IRQHandler
                0x0000000008001c6c                DMA2_Channel3_IRQHandler
                0x0000000008001c6c                TIM1_BRK_TIM15_IRQHandler
 .text.HAL_Init
                0x0000000008001c6e       0x30 ./Drivers/STM32G4xx_HAL_Driver/Src/stm32g4xx_hal.o
                0x0000000008001c6e                HAL_Init
 *fill*         0x0000000008001c9e        0x2 
 .text.HAL_InitTick
                0x0000000008001ca0       0x74 ./Drivers/STM32G4xx_HAL_Driver/Src/stm32g4xx_hal.o
                0x0000000008001ca0                HAL_InitTick
 .text.HAL_IncTick
                0x0000000008001d14       0x24 ./Drivers/STM32G4xx_HAL_Driver/Src/stm32g4xx_hal.o
                0x0000000008001d14                HAL_IncTick
 .text.HAL_GetTick
                0x0000000008001d38       0x18 ./Drivers/STM32G4xx_HAL_Driver/Src/stm32g4xx_hal.o
                0x0000000008001d38                HAL_GetTick
 .text.HAL_Delay
                0x0000000008001d50       0x44 ./Drivers/STM32G4xx_HAL_Driver/Src/stm32g4xx_hal.o
                0x0000000008001d50                HAL_Delay
 .text.LL_ADC_SetCommonClock
                0x0000000008001d94       0x26 ./Drivers/STM32G4xx_HAL_Driver/Src/stm32g4xx_hal_adc.o
 .text.LL_ADC_SetCommonPathInternalCh
                0x0000000008001dba       0x26 ./Drivers/STM32G4xx_HAL_Driver/Src/stm32g4xx_hal_adc.o
 .text.LL_ADC_GetCommonPathInternalCh
                0x0000000008001de0       0x1c ./Drivers/STM32G4xx_HAL_Driver/Src/stm32g4xx_hal_adc.o
 .text.LL_ADC_SetOffset
                0x0000000008001dfc       0x48 ./Drivers/STM32G4xx_HAL_Driver/Src/stm32g4xx_hal_adc.o
 .text.LL_ADC_GetOffsetChannel
                0x0000000008001e44       0x2c ./Drivers/STM32G4xx_HAL_Driver/Src/stm32g4xx_hal_adc.o
 .text.LL_ADC_SetOffsetState
                0x0000000008001e70       0x36 ./Drivers/STM32G4xx_HAL_Driver/Src/stm32g4xx_hal_adc.o
 .text.LL_ADC_SetOffsetSign
                0x0000000008001ea6       0x36 ./Drivers/STM32G4xx_HAL_Driver/Src/stm32g4xx_hal_adc.o
 .text.LL_ADC_SetOffsetSaturation
                0x0000000008001edc       0x36 ./Drivers/STM32G4xx_HAL_Driver/Src/stm32g4xx_hal_adc.o
 .text.LL_ADC_SetSamplingTimeCommonConfig
                0x0000000008001f12       0x26 ./Drivers/STM32G4xx_HAL_Driver/Src/stm32g4xx_hal_adc.o
 .text.LL_ADC_REG_IsTriggerSourceSWStart
                0x0000000008001f38       0x26 ./Drivers/STM32G4xx_HAL_Driver/Src/stm32g4xx_hal_adc.o
 .text.LL_ADC_REG_SetSequencerRanks
                0x0000000008001f5e       0x58 ./Drivers/STM32G4xx_HAL_Driver/Src/stm32g4xx_hal_adc.o
 .text.LL_ADC_SetChannelSamplingTime
                0x0000000008001fb6       0x56 ./Drivers/STM32G4xx_HAL_Driver/Src/stm32g4xx_hal_adc.o
 .text.LL_ADC_SetChannelSingleDiff
                0x000000000800200c       0x50 ./Drivers/STM32G4xx_HAL_Driver/Src/stm32g4xx_hal_adc.o
 .text.LL_ADC_GetMultimode
                0x000000000800205c       0x1c ./Drivers/STM32G4xx_HAL_Driver/Src/stm32g4xx_hal_adc.o
 .text.LL_ADC_GetMultiDMATransfer
                0x0000000008002078       0x1c ./Drivers/STM32G4xx_HAL_Driver/Src/stm32g4xx_hal_adc.o
 .text.LL_ADC_DisableDeepPowerDown
                0x0000000008002094       0x24 ./Drivers/STM32G4xx_HAL_Driver/Src/stm32g4xx_hal_adc.o
 .text.LL_ADC_IsDeepPowerDownEnabled
                0x00000000080020b8       0x28 ./Drivers/STM32G4xx_HAL_Driver/Src/stm32g4xx_hal_adc.o
 .text.LL_ADC_EnableInternalRegulator
                0x00000000080020e0       0x28 ./Drivers/STM32G4xx_HAL_Driver/Src/stm32g4xx_hal_adc.o
 .text.LL_ADC_IsInternalRegulatorEnabled
                0x0000000008002108       0x28 ./Drivers/STM32G4xx_HAL_Driver/Src/stm32g4xx_hal_adc.o
 .text.LL_ADC_Enable
                0x0000000008002130       0x28 ./Drivers/STM32G4xx_HAL_Driver/Src/stm32g4xx_hal_adc.o
 .text.LL_ADC_Disable
                0x0000000008002158       0x28 ./Drivers/STM32G4xx_HAL_Driver/Src/stm32g4xx_hal_adc.o
 .text.LL_ADC_IsEnabled
                0x0000000008002180       0x26 ./Drivers/STM32G4xx_HAL_Driver/Src/stm32g4xx_hal_adc.o
 .text.LL_ADC_IsDisableOngoing
                0x00000000080021a6       0x26 ./Drivers/STM32G4xx_HAL_Driver/Src/stm32g4xx_hal_adc.o
 .text.LL_ADC_REG_StartConversion
                0x00000000080021cc       0x28 ./Drivers/STM32G4xx_HAL_Driver/Src/stm32g4xx_hal_adc.o
 .text.LL_ADC_REG_StopConversion
                0x00000000080021f4       0x28 ./Drivers/STM32G4xx_HAL_Driver/Src/stm32g4xx_hal_adc.o
 .text.LL_ADC_REG_IsConversionOngoing
                0x000000000800221c       0x26 ./Drivers/STM32G4xx_HAL_Driver/Src/stm32g4xx_hal_adc.o
 .text.LL_ADC_INJ_StopConversion
                0x0000000008002242       0x28 ./Drivers/STM32G4xx_HAL_Driver/Src/stm32g4xx_hal_adc.o
 .text.LL_ADC_INJ_IsConversionOngoing
                0x000000000800226a       0x26 ./Drivers/STM32G4xx_HAL_Driver/Src/stm32g4xx_hal_adc.o
 .text.HAL_ADC_Init
                0x0000000008002290      0x384 ./Drivers/STM32G4xx_HAL_Driver/Src/stm32g4xx_hal_adc.o
                0x0000000008002290                HAL_ADC_Init
 .text.HAL_ADC_Start
                0x0000000008002614      0x1c8 ./Drivers/STM32G4xx_HAL_Driver/Src/stm32g4xx_hal_adc.o
                0x0000000008002614                HAL_ADC_Start
 .text.HAL_ADC_Stop
                0x00000000080027dc       0x66 ./Drivers/STM32G4xx_HAL_Driver/Src/stm32g4xx_hal_adc.o
                0x00000000080027dc                HAL_ADC_Stop
 *fill*         0x0000000008002842        0x2 
 .text.HAL_ADC_PollForConversion
                0x0000000008002844      0x20c ./Drivers/STM32G4xx_HAL_Driver/Src/stm32g4xx_hal_adc.o
                0x0000000008002844                HAL_ADC_PollForConversion
 .text.HAL_ADC_GetValue
                0x0000000008002a50       0x1a ./Drivers/STM32G4xx_HAL_Driver/Src/stm32g4xx_hal_adc.o
                0x0000000008002a50                HAL_ADC_GetValue
 *fill*         0x0000000008002a6a        0x2 
 .text.HAL_ADC_ConfigChannel
                0x0000000008002a6c      0x880 ./Drivers/STM32G4xx_HAL_Driver/Src/stm32g4xx_hal_adc.o
                0x0000000008002a6c                HAL_ADC_ConfigChannel
 .text.ADC_ConversionStop
                0x00000000080032ec      0x178 ./Drivers/STM32G4xx_HAL_Driver/Src/stm32g4xx_hal_adc.o
                0x00000000080032ec                ADC_ConversionStop
 .text.ADC_Enable
                0x0000000008003464       0xc4 ./Drivers/STM32G4xx_HAL_Driver/Src/stm32g4xx_hal_adc.o
                0x0000000008003464                ADC_Enable
 .text.ADC_Disable
                0x0000000008003528       0xbe ./Drivers/STM32G4xx_HAL_Driver/Src/stm32g4xx_hal_adc.o
                0x0000000008003528                ADC_Disable
 .text.LL_ADC_IsEnabled
                0x00000000080035e6       0x26 ./Drivers/STM32G4xx_HAL_Driver/Src/stm32g4xx_hal_adc_ex.o
 .text.LL_ADC_REG_IsConversionOngoing
                0x000000000800360c       0x26 ./Drivers/STM32G4xx_HAL_Driver/Src/stm32g4xx_hal_adc_ex.o
 *fill*         0x0000000008003632        0x2 
 .text.HAL_ADCEx_MultiModeConfigChannel
                0x0000000008003634      0x210 ./Drivers/STM32G4xx_HAL_Driver/Src/stm32g4xx_hal_adc_ex.o
                0x0000000008003634                HAL_ADCEx_MultiModeConfigChannel
 .text.__NVIC_SetPriorityGrouping
                0x0000000008003844       0x48 ./Drivers/STM32G4xx_HAL_Driver/Src/stm32g4xx_hal_cortex.o
 .text.__NVIC_GetPriorityGrouping
                0x000000000800388c       0x1c ./Drivers/STM32G4xx_HAL_Driver/Src/stm32g4xx_hal_cortex.o
 .text.__NVIC_EnableIRQ
                0x00000000080038a8       0x3c ./Drivers/STM32G4xx_HAL_Driver/Src/stm32g4xx_hal_cortex.o
 .text.__NVIC_SetPriority
                0x00000000080038e4       0x54 ./Drivers/STM32G4xx_HAL_Driver/Src/stm32g4xx_hal_cortex.o
 .text.NVIC_EncodePriority
                0x0000000008003938       0x66 ./Drivers/STM32G4xx_HAL_Driver/Src/stm32g4xx_hal_cortex.o
 *fill*         0x000000000800399e        0x2 
 .text.SysTick_Config
                0x00000000080039a0       0x44 ./Drivers/STM32G4xx_HAL_Driver/Src/stm32g4xx_hal_cortex.o
 .text.HAL_NVIC_SetPriorityGrouping
                0x00000000080039e4       0x16 ./Drivers/STM32G4xx_HAL_Driver/Src/stm32g4xx_hal_cortex.o
                0x00000000080039e4                HAL_NVIC_SetPriorityGrouping
 .text.HAL_NVIC_SetPriority
                0x00000000080039fa       0x34 ./Drivers/STM32G4xx_HAL_Driver/Src/stm32g4xx_hal_cortex.o
                0x00000000080039fa                HAL_NVIC_SetPriority
 .text.HAL_NVIC_EnableIRQ
                0x0000000008003a2e       0x1c ./Drivers/STM32G4xx_HAL_Driver/Src/stm32g4xx_hal_cortex.o
                0x0000000008003a2e                HAL_NVIC_EnableIRQ
 .text.HAL_SYSTICK_Config
                0x0000000008003a4a       0x18 ./Drivers/STM32G4xx_HAL_Driver/Src/stm32g4xx_hal_cortex.o
                0x0000000008003a4a                HAL_SYSTICK_Config
 .text.HAL_DAC_Init
                0x0000000008003a62       0x44 ./Drivers/STM32G4xx_HAL_Driver/Src/stm32g4xx_hal_dac.o
                0x0000000008003a62                HAL_DAC_Init
 .text.HAL_DAC_Start
                0x0000000008003aa6       0xa6 ./Drivers/STM32G4xx_HAL_Driver/Src/stm32g4xx_hal_dac.o
                0x0000000008003aa6                HAL_DAC_Start
 .text.HAL_DAC_SetValue
                0x0000000008003b4c       0x50 ./Drivers/STM32G4xx_HAL_Driver/Src/stm32g4xx_hal_dac.o
                0x0000000008003b4c                HAL_DAC_SetValue
 .text.HAL_DAC_ConfigChannel
                0x0000000008003b9c      0x350 ./Drivers/STM32G4xx_HAL_Driver/Src/stm32g4xx_hal_dac.o
                0x0000000008003b9c                HAL_DAC_ConfigChannel
 .text.HAL_GPIO_Init
                0x0000000008003eec      0x304 ./Drivers/STM32G4xx_HAL_Driver/Src/stm32g4xx_hal_gpio.o
                0x0000000008003eec                HAL_GPIO_Init
 .text.HAL_OPAMP_Init
                0x00000000080041f0      0x1a0 ./Drivers/STM32G4xx_HAL_Driver/Src/stm32g4xx_hal_opamp.o
                0x00000000080041f0                HAL_OPAMP_Init
 .text.HAL_OPAMP_Start
                0x0000000008004390       0x62 ./Drivers/STM32G4xx_HAL_Driver/Src/stm32g4xx_hal_opamp.o
                0x0000000008004390                HAL_OPAMP_Start
 .text.HAL_OPAMP_Stop
                0x00000000080043f2       0x74 ./Drivers/STM32G4xx_HAL_Driver/Src/stm32g4xx_hal_opamp.o
                0x00000000080043f2                HAL_OPAMP_Stop
 .text.HAL_PCD_Init
                0x0000000008004466      0x1ca ./Drivers/STM32G4xx_HAL_Driver/Src/stm32g4xx_hal_pcd.o
                0x0000000008004466                HAL_PCD_Init
 .text.HAL_PCD_Start
                0x0000000008004630       0x44 ./Drivers/STM32G4xx_HAL_Driver/Src/stm32g4xx_hal_pcd.o
                0x0000000008004630                HAL_PCD_Start
 .text.HAL_PCD_IRQHandler
                0x0000000008004674      0x24e ./Drivers/STM32G4xx_HAL_Driver/Src/stm32g4xx_hal_pcd.o
                0x0000000008004674                HAL_PCD_IRQHandler
 .text.HAL_PCD_SetAddress
                0x00000000080048c2       0x4a ./Drivers/STM32G4xx_HAL_Driver/Src/stm32g4xx_hal_pcd.o
                0x00000000080048c2                HAL_PCD_SetAddress
 .text.HAL_PCD_EP_Open
                0x000000000800490c       0xcc ./Drivers/STM32G4xx_HAL_Driver/Src/stm32g4xx_hal_pcd.o
                0x000000000800490c                HAL_PCD_EP_Open
 .text.HAL_PCD_EP_Close
                0x00000000080049d8       0x90 ./Drivers/STM32G4xx_HAL_Driver/Src/stm32g4xx_hal_pcd.o
                0x00000000080049d8                HAL_PCD_EP_Close
 .text.HAL_PCD_EP_Receive
                0x0000000008004a68       0x7a ./Drivers/STM32G4xx_HAL_Driver/Src/stm32g4xx_hal_pcd.o
                0x0000000008004a68                HAL_PCD_EP_Receive
 .text.HAL_PCD_EP_GetRxCount
                0x0000000008004ae2       0x30 ./Drivers/STM32G4xx_HAL_Driver/Src/stm32g4xx_hal_pcd.o
                0x0000000008004ae2                HAL_PCD_EP_GetRxCount
 .text.HAL_PCD_EP_Transmit
                0x0000000008004b12       0x86 ./Drivers/STM32G4xx_HAL_Driver/Src/stm32g4xx_hal_pcd.o
                0x0000000008004b12                HAL_PCD_EP_Transmit
 .text.HAL_PCD_EP_SetStall
                0x0000000008004b98       0xa4 ./Drivers/STM32G4xx_HAL_Driver/Src/stm32g4xx_hal_pcd.o
                0x0000000008004b98                HAL_PCD_EP_SetStall
 .text.HAL_PCD_EP_ClrStall
                0x0000000008004c3c       0xa8 ./Drivers/STM32G4xx_HAL_Driver/Src/stm32g4xx_hal_pcd.o
                0x0000000008004c3c                HAL_PCD_EP_ClrStall
 .text.PCD_EP_ISR_Handler
                0x0000000008004ce4      0x760 ./Drivers/STM32G4xx_HAL_Driver/Src/stm32g4xx_hal_pcd.o
 .text.HAL_PCD_EP_DB_Receive
                0x0000000008005444      0x212 ./Drivers/STM32G4xx_HAL_Driver/Src/stm32g4xx_hal_pcd.o
 .text.HAL_PCD_EP_DB_Transmit
                0x0000000008005656      0x79c ./Drivers/STM32G4xx_HAL_Driver/Src/stm32g4xx_hal_pcd.o
 .text.HAL_PCDEx_PMAConfig
                0x0000000008005df2       0x86 ./Drivers/STM32G4xx_HAL_Driver/Src/stm32g4xx_hal_pcd_ex.o
                0x0000000008005df2                HAL_PCDEx_PMAConfig
 .text.HAL_PCDEx_ActivateLPM
                0x0000000008005e78       0x54 ./Drivers/STM32G4xx_HAL_Driver/Src/stm32g4xx_hal_pcd_ex.o
                0x0000000008005e78                HAL_PCDEx_ActivateLPM
 .text.HAL_PWREx_ControlVoltageScaling
                0x0000000008005ecc      0x148 ./Drivers/STM32G4xx_HAL_Driver/Src/stm32g4xx_hal_pwr_ex.o
                0x0000000008005ecc                HAL_PWREx_ControlVoltageScaling
 .text.HAL_RCC_OscConfig
                0x0000000008006014      0x630 ./Drivers/STM32G4xx_HAL_Driver/Src/stm32g4xx_hal_rcc.o
                0x0000000008006014                HAL_RCC_OscConfig
 .text.HAL_RCC_ClockConfig
                0x0000000008006644      0x278 ./Drivers/STM32G4xx_HAL_Driver/Src/stm32g4xx_hal_rcc.o
                0x0000000008006644                HAL_RCC_ClockConfig
 .text.HAL_RCC_GetSysClockFreq
                0x00000000080068bc       0xc4 ./Drivers/STM32G4xx_HAL_Driver/Src/stm32g4xx_hal_rcc.o
                0x00000000080068bc                HAL_RCC_GetSysClockFreq
 .text.HAL_RCC_GetHCLKFreq
                0x0000000008006980       0x18 ./Drivers/STM32G4xx_HAL_Driver/Src/stm32g4xx_hal_rcc.o
                0x0000000008006980                HAL_RCC_GetHCLKFreq
 .text.RCC_GetSysClockFreqFromPLLSource
                0x0000000008006998       0x8c ./Drivers/STM32G4xx_HAL_Driver/Src/stm32g4xx_hal_rcc.o
 .text.HAL_RCCEx_PeriphCLKConfig
                0x0000000008006a24      0x49c ./Drivers/STM32G4xx_HAL_Driver/Src/stm32g4xx_hal_rcc_ex.o
                0x0000000008006a24                HAL_RCCEx_PeriphCLKConfig
 .text.HAL_TIM_Base_Init
                0x0000000008006ec0       0xae ./Drivers/STM32G4xx_HAL_Driver/Src/stm32g4xx_hal_tim.o
                0x0000000008006ec0                HAL_TIM_Base_Init
 *fill*         0x0000000008006f6e        0x2 
 .text.HAL_TIM_Base_Start
                0x0000000008006f70       0xe0 ./Drivers/STM32G4xx_HAL_Driver/Src/stm32g4xx_hal_tim.o
                0x0000000008006f70                HAL_TIM_Base_Start
 .text.HAL_TIM_ConfigClockSource
                0x0000000008007050      0x218 ./Drivers/STM32G4xx_HAL_Driver/Src/stm32g4xx_hal_tim.o
                0x0000000008007050                HAL_TIM_ConfigClockSource
 .text.TIM_Base_SetConfig
                0x0000000008007268      0x150 ./Drivers/STM32G4xx_HAL_Driver/Src/stm32g4xx_hal_tim.o
                0x0000000008007268                TIM_Base_SetConfig
 .text.TIM_TI1_ConfigInputStage
                0x00000000080073b8       0x5e ./Drivers/STM32G4xx_HAL_Driver/Src/stm32g4xx_hal_tim.o
 .text.TIM_TI2_ConfigInputStage
                0x0000000008007416       0x60 ./Drivers/STM32G4xx_HAL_Driver/Src/stm32g4xx_hal_tim.o
 .text.TIM_ITRx_SetConfig
                0x0000000008007476       0x3a ./Drivers/STM32G4xx_HAL_Driver/Src/stm32g4xx_hal_tim.o
 .text.TIM_ETR_SetConfig
                0x00000000080074b0       0x40 ./Drivers/STM32G4xx_HAL_Driver/Src/stm32g4xx_hal_tim.o
                0x00000000080074b0                TIM_ETR_SetConfig
 .text.HAL_TIMEx_MasterConfigSynchronization
                0x00000000080074f0      0x12c ./Drivers/STM32G4xx_HAL_Driver/Src/stm32g4xx_hal_tim_ex.o
                0x00000000080074f0                HAL_TIMEx_MasterConfigSynchronization
 .text.USB_EnableGlobalInt
                0x000000000800761c       0x2e ./Drivers/STM32G4xx_HAL_Driver/Src/stm32g4xx_ll_usb.o
                0x000000000800761c                USB_EnableGlobalInt
 .text.USB_DisableGlobalInt
                0x000000000800764a       0x36 ./Drivers/STM32G4xx_HAL_Driver/Src/stm32g4xx_ll_usb.o
                0x000000000800764a                USB_DisableGlobalInt
 .text.USB_DevInit
                0x0000000008007680       0x42 ./Drivers/STM32G4xx_HAL_Driver/Src/stm32g4xx_ll_usb.o
                0x0000000008007680                USB_DevInit
 *fill*         0x00000000080076c2        0x2 
 .text.USB_ActivateEndpoint
                0x00000000080076c4      0x728 ./Drivers/STM32G4xx_HAL_Driver/Src/stm32g4xx_ll_usb.o
                0x00000000080076c4                USB_ActivateEndpoint
 .text.USB_DeactivateEndpoint
                0x0000000008007dec      0x3da ./Drivers/STM32G4xx_HAL_Driver/Src/stm32g4xx_ll_usb.o
                0x0000000008007dec                USB_DeactivateEndpoint
 .text.USB_EPStartXfer
                0x00000000080081c6     0x166c ./Drivers/STM32G4xx_HAL_Driver/Src/stm32g4xx_ll_usb.o
                0x00000000080081c6                USB_EPStartXfer
 .text.USB_EPSetStall
                0x0000000008009832       0xa2 ./Drivers/STM32G4xx_HAL_Driver/Src/stm32g4xx_ll_usb.o
                0x0000000008009832                USB_EPSetStall
 .text.USB_EPClearStall
                0x00000000080098d4      0x15c ./Drivers/STM32G4xx_HAL_Driver/Src/stm32g4xx_ll_usb.o
                0x00000000080098d4                USB_EPClearStall
 .text.USB_SetDevAddress
                0x0000000008009a30       0x28 ./Drivers/STM32G4xx_HAL_Driver/Src/stm32g4xx_ll_usb.o
                0x0000000008009a30                USB_SetDevAddress
 .text.USB_DevConnect
                0x0000000008009a58       0x2e ./Drivers/STM32G4xx_HAL_Driver/Src/stm32g4xx_ll_usb.o
                0x0000000008009a58                USB_DevConnect
 .text.USB_ReadInterrupts
                0x0000000008009a86       0x20 ./Drivers/STM32G4xx_HAL_Driver/Src/stm32g4xx_ll_usb.o
                0x0000000008009a86                USB_ReadInterrupts
 .text.USB_WritePMA
                0x0000000008009aa6       0x84 ./Drivers/STM32G4xx_HAL_Driver/Src/stm32g4xx_ll_usb.o
                0x0000000008009aa6                USB_WritePMA
 .text.USB_ReadPMA
                0x0000000008009b2a       0x98 ./Drivers/STM32G4xx_HAL_Driver/Src/stm32g4xx_ll_usb.o
                0x0000000008009b2a                USB_ReadPMA
 .text.USBD_CDC_Init
                0x0000000008009bc2       0xfe ./Middlewares/ST/STM32_USB_Device_Library/Class/CDC/Src/usbd_cdc.o
 .text.USBD_CDC_DeInit
                0x0000000008009cc0       0x74 ./Middlewares/ST/STM32_USB_Device_Library/Class/CDC/Src/usbd_cdc.o
 .text.USBD_CDC_Setup
                0x0000000008009d34      0x190 ./Middlewares/ST/STM32_USB_Device_Library/Class/CDC/Src/usbd_cdc.o
 .text.USBD_CDC_DataIn
                0x0000000008009ec4       0xca ./Middlewares/ST/STM32_USB_Device_Library/Class/CDC/Src/usbd_cdc.o
 .text.USBD_CDC_DataOut
                0x0000000008009f8e       0x56 ./Middlewares/ST/STM32_USB_Device_Library/Class/CDC/Src/usbd_cdc.o
 .text.USBD_CDC_EP0_RxReady
                0x0000000008009fe4       0x5a ./Middlewares/ST/STM32_USB_Device_Library/Class/CDC/Src/usbd_cdc.o
 *fill*         0x000000000800a03e        0x2 
 .text.USBD_CDC_GetFSCfgDesc
                0x000000000800a040       0x20 ./Middlewares/ST/STM32_USB_Device_Library/Class/CDC/Src/usbd_cdc.o
 .text.USBD_CDC_GetHSCfgDesc
                0x000000000800a060       0x20 ./Middlewares/ST/STM32_USB_Device_Library/Class/CDC/Src/usbd_cdc.o
 .text.USBD_CDC_GetOtherSpeedCfgDesc
                0x000000000800a080       0x20 ./Middlewares/ST/STM32_USB_Device_Library/Class/CDC/Src/usbd_cdc.o
 .text.USBD_CDC_GetDeviceQualifierDescriptor
                0x000000000800a0a0       0x20 ./Middlewares/ST/STM32_USB_Device_Library/Class/CDC/Src/usbd_cdc.o
                0x000000000800a0a0                USBD_CDC_GetDeviceQualifierDescriptor
 .text.USBD_CDC_RegisterInterface
                0x000000000800a0c0       0x2a ./Middlewares/ST/STM32_USB_Device_Library/Class/CDC/Src/usbd_cdc.o
                0x000000000800a0c0                USBD_CDC_RegisterInterface
 .text.USBD_CDC_SetTxBuffer
                0x000000000800a0ea       0x3c ./Middlewares/ST/STM32_USB_Device_Library/Class/CDC/Src/usbd_cdc.o
                0x000000000800a0ea                USBD_CDC_SetTxBuffer
 .text.USBD_CDC_SetRxBuffer
                0x000000000800a126       0x32 ./Middlewares/ST/STM32_USB_Device_Library/Class/CDC/Src/usbd_cdc.o
                0x000000000800a126                USBD_CDC_SetRxBuffer
 .text.USBD_CDC_TransmitPacket
                0x000000000800a158       0x60 ./Middlewares/ST/STM32_USB_Device_Library/Class/CDC/Src/usbd_cdc.o
                0x000000000800a158                USBD_CDC_TransmitPacket
 .text.USBD_CDC_ReceivePacket
                0x000000000800a1b8       0x54 ./Middlewares/ST/STM32_USB_Device_Library/Class/CDC/Src/usbd_cdc.o
                0x000000000800a1b8                USBD_CDC_ReceivePacket
 .text.USBD_Init
                0x000000000800a20c       0x60 ./Middlewares/ST/STM32_USB_Device_Library/Core/Src/usbd_core.o
                0x000000000800a20c                USBD_Init
 .text.USBD_RegisterClass
                0x000000000800a26c       0x4e ./Middlewares/ST/STM32_USB_Device_Library/Core/Src/usbd_core.o
                0x000000000800a26c                USBD_RegisterClass
 .text.USBD_Start
                0x000000000800a2ba       0x18 ./Middlewares/ST/STM32_USB_Device_Library/Core/Src/usbd_core.o
                0x000000000800a2ba                USBD_Start
 .text.USBD_RunTestMode
                0x000000000800a2d2       0x16 ./Middlewares/ST/STM32_USB_Device_Library/Core/Src/usbd_core.o
                0x000000000800a2d2                USBD_RunTestMode
 .text.USBD_SetClassConfig
                0x000000000800a2e8       0x38 ./Middlewares/ST/STM32_USB_Device_Library/Core/Src/usbd_core.o
                0x000000000800a2e8                USBD_SetClassConfig
 .text.USBD_ClrClassConfig
                0x000000000800a320       0x30 ./Middlewares/ST/STM32_USB_Device_Library/Core/Src/usbd_core.o
                0x000000000800a320                USBD_ClrClassConfig
 .text.USBD_LL_SetupStage
                0x000000000800a350       0xaa ./Middlewares/ST/STM32_USB_Device_Library/Core/Src/usbd_core.o
                0x000000000800a350                USBD_LL_SetupStage
 .text.USBD_LL_DataOutStage
                0x000000000800a3fa       0xc6 ./Middlewares/ST/STM32_USB_Device_Library/Core/Src/usbd_core.o
                0x000000000800a3fa                USBD_LL_DataOutStage
 .text.USBD_LL_DataInStage
                0x000000000800a4c0      0x12c ./Middlewares/ST/STM32_USB_Device_Library/Core/Src/usbd_core.o
                0x000000000800a4c0                USBD_LL_DataInStage
 .text.USBD_LL_Reset
                0x000000000800a5ec       0x9c ./Middlewares/ST/STM32_USB_Device_Library/Core/Src/usbd_core.o
                0x000000000800a5ec                USBD_LL_Reset
 .text.USBD_LL_SetSpeed
                0x000000000800a688       0x20 ./Middlewares/ST/STM32_USB_Device_Library/Core/Src/usbd_core.o
                0x000000000800a688                USBD_LL_SetSpeed
 .text.USBD_LL_Suspend
                0x000000000800a6a8       0x2c ./Middlewares/ST/STM32_USB_Device_Library/Core/Src/usbd_core.o
                0x000000000800a6a8                USBD_LL_Suspend
 .text.USBD_LL_Resume
                0x000000000800a6d4       0x30 ./Middlewares/ST/STM32_USB_Device_Library/Core/Src/usbd_core.o
                0x000000000800a6d4                USBD_LL_Resume
 .text.USBD_LL_SOF
                0x000000000800a704       0x44 ./Middlewares/ST/STM32_USB_Device_Library/Core/Src/usbd_core.o
                0x000000000800a704                USBD_LL_SOF
 .text.SWAPBYTE
                0x000000000800a748       0x3c ./Middlewares/ST/STM32_USB_Device_Library/Core/Src/usbd_ctlreq.o
 .text.USBD_StdDevReq
                0x000000000800a784       0xdc ./Middlewares/ST/STM32_USB_Device_Library/Core/Src/usbd_ctlreq.o
                0x000000000800a784                USBD_StdDevReq
 .text.USBD_StdItfReq
                0x000000000800a860       0x92 ./Middlewares/ST/STM32_USB_Device_Library/Core/Src/usbd_ctlreq.o
                0x000000000800a860                USBD_StdItfReq
 .text.USBD_StdEPReq
                0x000000000800a8f2      0x2c4 ./Middlewares/ST/STM32_USB_Device_Library/Core/Src/usbd_ctlreq.o
                0x000000000800a8f2                USBD_StdEPReq
 *fill*         0x000000000800abb6        0x2 
 .text.USBD_GetDescriptor
                0x000000000800abb8      0x328 ./Middlewares/ST/STM32_USB_Device_Library/Core/Src/usbd_ctlreq.o
 .text.USBD_SetAddress
                0x000000000800aee0       0x88 ./Middlewares/ST/STM32_USB_Device_Library/Core/Src/usbd_ctlreq.o
 .text.USBD_SetConfig
                0x000000000800af68      0x14c ./Middlewares/ST/STM32_USB_Device_Library/Core/Src/usbd_ctlreq.o
 .text.USBD_GetConfig
                0x000000000800b0b4       0x6c ./Middlewares/ST/STM32_USB_Device_Library/Core/Src/usbd_ctlreq.o
 .text.USBD_GetStatus
                0x000000000800b120       0x68 ./Middlewares/ST/STM32_USB_Device_Library/Core/Src/usbd_ctlreq.o
 .text.USBD_SetFeature
                0x000000000800b188       0x28 ./Middlewares/ST/STM32_USB_Device_Library/Core/Src/usbd_ctlreq.o
 .text.USBD_ClrFeature
                0x000000000800b1b0       0x44 ./Middlewares/ST/STM32_USB_Device_Library/Core/Src/usbd_ctlreq.o
 .text.USBD_ParseSetupRequest
                0x000000000800b1f4       0x74 ./Middlewares/ST/STM32_USB_Device_Library/Core/Src/usbd_ctlreq.o
                0x000000000800b1f4                USBD_ParseSetupRequest
 .text.USBD_CtlError
                0x000000000800b268       0x22 ./Middlewares/ST/STM32_USB_Device_Library/Core/Src/usbd_ctlreq.o
                0x000000000800b268                USBD_CtlError
 .text.USBD_GetString
                0x000000000800b28a       0x8c ./Middlewares/ST/STM32_USB_Device_Library/Core/Src/usbd_ctlreq.o
                0x000000000800b28a                USBD_GetString
 .text.USBD_GetLen
                0x000000000800b316       0x34 ./Middlewares/ST/STM32_USB_Device_Library/Core/Src/usbd_ctlreq.o
 .text.USBD_CtlSendData
                0x000000000800b34a       0x36 ./Middlewares/ST/STM32_USB_Device_Library/Core/Src/usbd_ioreq.o
                0x000000000800b34a                USBD_CtlSendData
 .text.USBD_CtlContinueSendData
                0x000000000800b380       0x22 ./Middlewares/ST/STM32_USB_Device_Library/Core/Src/usbd_ioreq.o
                0x000000000800b380                USBD_CtlContinueSendData
 .text.USBD_CtlPrepareRx
                0x000000000800b3a2       0x3a ./Middlewares/ST/STM32_USB_Device_Library/Core/Src/usbd_ioreq.o
                0x000000000800b3a2                USBD_CtlPrepareRx
 .text.USBD_CtlContinueRx
                0x000000000800b3dc       0x22 ./Middlewares/ST/STM32_USB_Device_Library/Core/Src/usbd_ioreq.o
                0x000000000800b3dc                USBD_CtlContinueRx
 .text.USBD_CtlSendStatus
                0x000000000800b3fe       0x26 ./Middlewares/ST/STM32_USB_Device_Library/Core/Src/usbd_ioreq.o
                0x000000000800b3fe                USBD_CtlSendStatus
 .text.USBD_CtlReceiveStatus
                0x000000000800b424       0x26 ./Middlewares/ST/STM32_USB_Device_Library/Core/Src/usbd_ioreq.o
                0x000000000800b424                USBD_CtlReceiveStatus
 *fill*         0x000000000800b44a        0x2 
 .text.MX_USB_Device_Init
                0x000000000800b44c       0x60 ./USB_Device/App/usb_device.o
                0x000000000800b44c                MX_USB_Device_Init
 .text.CDC_Init_FS
                0x000000000800b4ac       0x28 ./USB_Device/App/usbd_cdc_if.o
 .text.CDC_DeInit_FS
                0x000000000800b4d4       0x10 ./USB_Device/App/usbd_cdc_if.o
 .text.CDC_Control_FS
                0x000000000800b4e4       0xbc ./USB_Device/App/usbd_cdc_if.o
 .text.CDC_Receive_FS
                0x000000000800b5a0       0x5c ./USB_Device/App/usbd_cdc_if.o
 .text.CDC_Transmit_FS
                0x000000000800b5fc       0x4c ./USB_Device/App/usbd_cdc_if.o
                0x000000000800b5fc                CDC_Transmit_FS
 .text.CDC_TransmitCplt_FS
                0x000000000800b648       0x22 ./USB_Device/App/usbd_cdc_if.o
 *fill*         0x000000000800b66a        0x2 
 .text.USBD_CDC_DeviceDescriptor
                0x000000000800b66c       0x24 ./USB_Device/App/usbd_desc.o
                0x000000000800b66c                USBD_CDC_DeviceDescriptor
 .text.USBD_CDC_LangIDStrDescriptor
                0x000000000800b690       0x24 ./USB_Device/App/usbd_desc.o
                0x000000000800b690                USBD_CDC_LangIDStrDescriptor
 .text.USBD_CDC_ProductStrDescriptor
                0x000000000800b6b4       0x3c ./USB_Device/App/usbd_desc.o
                0x000000000800b6b4                USBD_CDC_ProductStrDescriptor
 .text.USBD_CDC_ManufacturerStrDescriptor
                0x000000000800b6f0       0x28 ./USB_Device/App/usbd_desc.o
                0x000000000800b6f0                USBD_CDC_ManufacturerStrDescriptor
 .text.USBD_CDC_SerialStrDescriptor
                0x000000000800b718       0x24 ./USB_Device/App/usbd_desc.o
                0x000000000800b718                USBD_CDC_SerialStrDescriptor
 .text.USBD_CDC_ConfigStrDescriptor
                0x000000000800b73c       0x3c ./USB_Device/App/usbd_desc.o
                0x000000000800b73c                USBD_CDC_ConfigStrDescriptor
 .text.USBD_CDC_InterfaceStrDescriptor
                0x000000000800b778       0x3c ./USB_Device/App/usbd_desc.o
                0x000000000800b778                USBD_CDC_InterfaceStrDescriptor
 .text.Get_SerialNum
                0x000000000800b7b4       0x58 ./USB_Device/App/usbd_desc.o
 .text.IntToUnicode
                0x000000000800b80c       0x7e ./USB_Device/App/usbd_desc.o
 *fill*         0x000000000800b88a        0x2 
 .text.HAL_PCD_MspInit
                0x000000000800b88c       0x78 ./USB_Device/Target/usbd_conf.o
                0x000000000800b88c                HAL_PCD_MspInit
 .text.HAL_PCD_SetupStageCallback
                0x000000000800b904       0x24 ./USB_Device/Target/usbd_conf.o
                0x000000000800b904                HAL_PCD_SetupStageCallback
 .text.HAL_PCD_DataOutStageCallback
                0x000000000800b928       0x36 ./USB_Device/Target/usbd_conf.o
                0x000000000800b928                HAL_PCD_DataOutStageCallback
 .text.HAL_PCD_DataInStageCallback
                0x000000000800b95e       0x34 ./USB_Device/Target/usbd_conf.o
                0x000000000800b95e                HAL_PCD_DataInStageCallback
 .text.HAL_PCD_SOFCallback
                0x000000000800b992       0x1c ./USB_Device/Target/usbd_conf.o
                0x000000000800b992                HAL_PCD_SOFCallback
 .text.HAL_PCD_ResetCallback
                0x000000000800b9ae       0x3c ./USB_Device/Target/usbd_conf.o
                0x000000000800b9ae                HAL_PCD_ResetCallback
 *fill*         0x000000000800b9ea        0x2 
 .text.HAL_PCD_SuspendCallback
                0x000000000800b9ec       0x34 ./USB_Device/Target/usbd_conf.o
                0x000000000800b9ec                HAL_PCD_SuspendCallback
 .text.HAL_PCD_ResumeCallback
                0x000000000800ba20       0x38 ./USB_Device/Target/usbd_conf.o
                0x000000000800ba20                HAL_PCD_ResumeCallback
 .text.USBD_LL_Init
                0x000000000800ba58       0xc0 ./USB_Device/Target/usbd_conf.o
                0x000000000800ba58                USBD_LL_Init
 .text.USBD_LL_Start
                0x000000000800bb18       0x36 ./USB_Device/Target/usbd_conf.o
                0x000000000800bb18                USBD_LL_Start
 .text.USBD_LL_OpenEP
                0x000000000800bb4e       0x4c ./USB_Device/Target/usbd_conf.o
                0x000000000800bb4e                USBD_LL_OpenEP
 .text.USBD_LL_CloseEP
                0x000000000800bb9a       0x3e ./USB_Device/Target/usbd_conf.o
                0x000000000800bb9a                USBD_LL_CloseEP
 .text.USBD_LL_StallEP
                0x000000000800bbd8       0x3e ./USB_Device/Target/usbd_conf.o
                0x000000000800bbd8                USBD_LL_StallEP
 .text.USBD_LL_ClearStallEP
                0x000000000800bc16       0x3e ./USB_Device/Target/usbd_conf.o
                0x000000000800bc16                USBD_LL_ClearStallEP
 .text.USBD_LL_IsStallEP
                0x000000000800bc54       0x5a ./USB_Device/Target/usbd_conf.o
                0x000000000800bc54                USBD_LL_IsStallEP
 .text.USBD_LL_SetUSBAddress
                0x000000000800bcae       0x3e ./USB_Device/Target/usbd_conf.o
                0x000000000800bcae                USBD_LL_SetUSBAddress
 .text.USBD_LL_Transmit
                0x000000000800bcec       0x42 ./USB_Device/Target/usbd_conf.o
                0x000000000800bcec                USBD_LL_Transmit
 .text.USBD_LL_PrepareReceive
                0x000000000800bd2e       0x42 ./USB_Device/Target/usbd_conf.o
                0x000000000800bd2e                USBD_LL_PrepareReceive
 .text.USBD_LL_GetRxDataSize
                0x000000000800bd70       0x26 ./USB_Device/Target/usbd_conf.o
                0x000000000800bd70                USBD_LL_GetRxDataSize
 *fill*         0x000000000800bd96        0x2 
 .text.HAL_PCDEx_LPM_Callback
                0x000000000800bd98       0x6c ./USB_Device/Target/usbd_conf.o
                0x000000000800bd98                HAL_PCDEx_LPM_Callback
 .text.USBD_static_malloc
                0x000000000800be04       0x1c ./USB_Device/Target/usbd_conf.o
                0x000000000800be04                USBD_static_malloc
 .text.USBD_static_free
                0x000000000800be20       0x14 ./USB_Device/Target/usbd_conf.o
                0x000000000800be20                USBD_static_free
 .text.SystemClockConfig_Resume
                0x000000000800be34        0xc ./USB_Device/Target/usbd_conf.o
 .text.USBD_Get_USB_Status
                0x000000000800be40       0x58 ./USB_Device/Target/usbd_conf.o
 .text.__errno  0x000000000800be98        0xc c:/st/stm32cubeide_1.11.2/stm32cubeide/plugins/com.st.stm32cube.ide.mcu.externaltools.gnu-tools-for-stm32.10.3-2021.10.win32_1.0.200.202301161003/tools/bin/../lib/gcc/arm-none-eabi/10.3.1/../../../../arm-none-eabi/lib/thumb/v7e-m+fp/hard\libc_nano.a(lib_a-errno.o)
                0x000000000800be98                __errno
 .text.__libc_init_array
                0x000000000800bea4       0x48 c:/st/stm32cubeide_1.11.2/stm32cubeide/plugins/com.st.stm32cube.ide.mcu.externaltools.gnu-tools-for-stm32.10.3-2021.10.win32_1.0.200.202301161003/tools/bin/../lib/gcc/arm-none-eabi/10.3.1/../../../../arm-none-eabi/lib/thumb/v7e-m+fp/hard\libc_nano.a(lib_a-init.o)
                0x000000000800bea4                __libc_init_array
 .text.memcpy   0x000000000800beec       0x1c c:/st/stm32cubeide_1.11.2/stm32cubeide/plugins/com.st.stm32cube.ide.mcu.externaltools.gnu-tools-for-stm32.10.3-2021.10.win32_1.0.200.202301161003/tools/bin/../lib/gcc/arm-none-eabi/10.3.1/../../../../arm-none-eabi/lib/thumb/v7e-m+fp/hard\libc_nano.a(lib_a-memcpy-stub.o)
                0x000000000800beec                memcpy
 .text.memset   0x000000000800bf08       0x10 c:/st/stm32cubeide_1.11.2/stm32cubeide/plugins/com.st.stm32cube.ide.mcu.externaltools.gnu-tools-for-stm32.10.3-2021.10.win32_1.0.200.202301161003/tools/bin/../lib/gcc/arm-none-eabi/10.3.1/../../../../arm-none-eabi/lib/thumb/v7e-m+fp/hard\libc_nano.a(lib_a-memset.o)
                0x000000000800bf08                memset
 .text.printf   0x000000000800bf18       0x30 c:/st/stm32cubeide_1.11.2/stm32cubeide/plugins/com.st.stm32cube.ide.mcu.externaltools.gnu-tools-for-stm32.10.3-2021.10.win32_1.0.200.202301161003/tools/bin/../lib/gcc/arm-none-eabi/10.3.1/../../../../arm-none-eabi/lib/thumb/v7e-m+fp/hard\libc_nano.a(lib_a-printf.o)
                0x000000000800bf18                iprintf
                0x000000000800bf18                printf
 .text._puts_r  0x000000000800bf48       0xdc c:/st/stm32cubeide_1.11.2/stm32cubeide/plugins/com.st.stm32cube.ide.mcu.externaltools.gnu-tools-for-stm32.10.3-2021.10.win32_1.0.200.202301161003/tools/bin/../lib/gcc/arm-none-eabi/10.3.1/../../../../arm-none-eabi/lib/thumb/v7e-m+fp/hard\libc_nano.a(lib_a-puts.o)
                0x000000000800bf48                _puts_r
 .text.puts     0x000000000800c024       0x10 c:/st/stm32cubeide_1.11.2/stm32cubeide/plugins/com.st.stm32cube.ide.mcu.externaltools.gnu-tools-for-stm32.10.3-2021.10.win32_1.0.200.202301161003/tools/bin/../lib/gcc/arm-none-eabi/10.3.1/../../../../arm-none-eabi/lib/thumb/v7e-m+fp/hard\libc_nano.a(lib_a-puts.o)
                0x000000000800c024                puts
 .text.sprintf  0x000000000800c034       0x40 c:/st/stm32cubeide_1.11.2/stm32cubeide/plugins/com.st.stm32cube.ide.mcu.externaltools.gnu-tools-for-stm32.10.3-2021.10.win32_1.0.200.202301161003/tools/bin/../lib/gcc/arm-none-eabi/10.3.1/../../../../arm-none-eabi/lib/thumb/v7e-m+fp/hard\libc_nano.a(lib_a-sprintf.o)
                0x000000000800c034                siprintf
                0x000000000800c034                sprintf
 .text.__swbuf_r
                0x000000000800c074       0xa4 c:/st/stm32cubeide_1.11.2/stm32cubeide/plugins/com.st.stm32cube.ide.mcu.externaltools.gnu-tools-for-stm32.10.3-2021.10.win32_1.0.200.202301161003/tools/bin/../lib/gcc/arm-none-eabi/10.3.1/../../../../arm-none-eabi/lib/thumb/v7e-m+fp/hard\libc_nano.a(lib_a-wbuf.o)
                0x000000000800c074                __swbuf_r
 .text.__swsetup_r
                0x000000000800c118       0xdc c:/st/stm32cubeide_1.11.2/stm32cubeide/plugins/com.st.stm32cube.ide.mcu.externaltools.gnu-tools-for-stm32.10.3-2021.10.win32_1.0.200.202301161003/tools/bin/../lib/gcc/arm-none-eabi/10.3.1/../../../../arm-none-eabi/lib/thumb/v7e-m+fp/hard\libc_nano.a(lib_a-wsetup.o)
                0x000000000800c118                __swsetup_r
 .text.__sflush_r
                0x000000000800c1f4      0x10c c:/st/stm32cubeide_1.11.2/stm32cubeide/plugins/com.st.stm32cube.ide.mcu.externaltools.gnu-tools-for-stm32.10.3-2021.10.win32_1.0.200.202301161003/tools/bin/../lib/gcc/arm-none-eabi/10.3.1/../../../../arm-none-eabi/lib/thumb/v7e-m+fp/hard\libc_nano.a(lib_a-fflush.o)
                0x000000000800c1f4                __sflush_r
 .text._fflush_r
                0x000000000800c300       0x78 c:/st/stm32cubeide_1.11.2/stm32cubeide/plugins/com.st.stm32cube.ide.mcu.externaltools.gnu-tools-for-stm32.10.3-2021.10.win32_1.0.200.202301161003/tools/bin/../lib/gcc/arm-none-eabi/10.3.1/../../../../arm-none-eabi/lib/thumb/v7e-m+fp/hard\libc_nano.a(lib_a-fflush.o)
                0x000000000800c300                _fflush_r
 .text.std      0x000000000800c378       0x48 c:/st/stm32cubeide_1.11.2/stm32cubeide/plugins/com.st.stm32cube.ide.mcu.externaltools.gnu-tools-for-stm32.10.3-2021.10.win32_1.0.200.202301161003/tools/bin/../lib/gcc/arm-none-eabi/10.3.1/../../../../arm-none-eabi/lib/thumb/v7e-m+fp/hard\libc_nano.a(lib_a-findfp.o)
 .text._cleanup_r
                0x000000000800c3c0        0xc c:/st/stm32cubeide_1.11.2/stm32cubeide/plugins/com.st.stm32cube.ide.mcu.externaltools.gnu-tools-for-stm32.10.3-2021.10.win32_1.0.200.202301161003/tools/bin/../lib/gcc/arm-none-eabi/10.3.1/../../../../arm-none-eabi/lib/thumb/v7e-m+fp/hard\libc_nano.a(lib_a-findfp.o)
                0x000000000800c3c0                _cleanup_r
 .text.__sfmoreglue
                0x000000000800c3cc       0x2c c:/st/stm32cubeide_1.11.2/stm32cubeide/plugins/com.st.stm32cube.ide.mcu.externaltools.gnu-tools-for-stm32.10.3-2021.10.win32_1.0.200.202301161003/tools/bin/../lib/gcc/arm-none-eabi/10.3.1/../../../../arm-none-eabi/lib/thumb/v7e-m+fp/hard\libc_nano.a(lib_a-findfp.o)
                0x000000000800c3cc                __sfmoreglue
 .text.__sfp_lock_acquire
                0x000000000800c3f8        0xc c:/st/stm32cubeide_1.11.2/stm32cubeide/plugins/com.st.stm32cube.ide.mcu.externaltools.gnu-tools-for-stm32.10.3-2021.10.win32_1.0.200.202301161003/tools/bin/../lib/gcc/arm-none-eabi/10.3.1/../../../../arm-none-eabi/lib/thumb/v7e-m+fp/hard\libc_nano.a(lib_a-findfp.o)
                0x000000000800c3f8                __sfp_lock_acquire
 .text.__sfp_lock_release
                0x000000000800c404        0xc c:/st/stm32cubeide_1.11.2/stm32cubeide/plugins/com.st.stm32cube.ide.mcu.externaltools.gnu-tools-for-stm32.10.3-2021.10.win32_1.0.200.202301161003/tools/bin/../lib/gcc/arm-none-eabi/10.3.1/../../../../arm-none-eabi/lib/thumb/v7e-m+fp/hard\libc_nano.a(lib_a-findfp.o)
                0x000000000800c404                __sfp_lock_release
 .text.__sinit_lock_acquire
                0x000000000800c410        0xc c:/st/stm32cubeide_1.11.2/stm32cubeide/plugins/com.st.stm32cube.ide.mcu.externaltools.gnu-tools-for-stm32.10.3-2021.10.win32_1.0.200.202301161003/tools/bin/../lib/gcc/arm-none-eabi/10.3.1/../../../../arm-none-eabi/lib/thumb/v7e-m+fp/hard\libc_nano.a(lib_a-findfp.o)
                0x000000000800c410                __sinit_lock_acquire
 .text.__sinit_lock_release
                0x000000000800c41c        0xc c:/st/stm32cubeide_1.11.2/stm32cubeide/plugins/com.st.stm32cube.ide.mcu.externaltools.gnu-tools-for-stm32.10.3-2021.10.win32_1.0.200.202301161003/tools/bin/../lib/gcc/arm-none-eabi/10.3.1/../../../../arm-none-eabi/lib/thumb/v7e-m+fp/hard\libc_nano.a(lib_a-findfp.o)
                0x000000000800c41c                __sinit_lock_release
 .text.__sinit  0x000000000800c428       0x70 c:/st/stm32cubeide_1.11.2/stm32cubeide/plugins/com.st.stm32cube.ide.mcu.externaltools.gnu-tools-for-stm32.10.3-2021.10.win32_1.0.200.202301161003/tools/bin/../lib/gcc/arm-none-eabi/10.3.1/../../../../arm-none-eabi/lib/thumb/v7e-m+fp/hard\libc_nano.a(lib_a-findfp.o)
                0x000000000800c428                __sinit
 .text.__sfp    0x000000000800c498       0x8c c:/st/stm32cubeide_1.11.2/stm32cubeide/plugins/com.st.stm32cube.ide.mcu.externaltools.gnu-tools-for-stm32.10.3-2021.10.win32_1.0.200.202301161003/tools/bin/../lib/gcc/arm-none-eabi/10.3.1/../../../../arm-none-eabi/lib/thumb/v7e-m+fp/hard\libc_nano.a(lib_a-findfp.o)
                0x000000000800c498                __sfp
 .text._fwalk_reent
                0x000000000800c524       0x3e c:/st/stm32cubeide_1.11.2/stm32cubeide/plugins/com.st.stm32cube.ide.mcu.externaltools.gnu-tools-for-stm32.10.3-2021.10.win32_1.0.200.202301161003/tools/bin/../lib/gcc/arm-none-eabi/10.3.1/../../../../arm-none-eabi/lib/thumb/v7e-m+fp/hard\libc_nano.a(lib_a-fwalk.o)
                0x000000000800c524                _fwalk_reent
 .text.__retarget_lock_init_recursive
                0x000000000800c562        0x2 c:/st/stm32cubeide_1.11.2/stm32cubeide/plugins/com.st.stm32cube.ide.mcu.externaltools.gnu-tools-for-stm32.10.3-2021.10.win32_1.0.200.202301161003/tools/bin/../lib/gcc/arm-none-eabi/10.3.1/../../../../arm-none-eabi/lib/thumb/v7e-m+fp/hard\libc_nano.a(lib_a-lock.o)
                0x000000000800c562                __retarget_lock_init_recursive
 .text.__retarget_lock_acquire_recursive
                0x000000000800c564        0x2 c:/st/stm32cubeide_1.11.2/stm32cubeide/plugins/com.st.stm32cube.ide.mcu.externaltools.gnu-tools-for-stm32.10.3-2021.10.win32_1.0.200.202301161003/tools/bin/../lib/gcc/arm-none-eabi/10.3.1/../../../../arm-none-eabi/lib/thumb/v7e-m+fp/hard\libc_nano.a(lib_a-lock.o)
                0x000000000800c564                __retarget_lock_acquire_recursive
 .text.__retarget_lock_release_recursive
                0x000000000800c566        0x2 c:/st/stm32cubeide_1.11.2/stm32cubeide/plugins/com.st.stm32cube.ide.mcu.externaltools.gnu-tools-for-stm32.10.3-2021.10.win32_1.0.200.202301161003/tools/bin/../lib/gcc/arm-none-eabi/10.3.1/../../../../arm-none-eabi/lib/thumb/v7e-m+fp/hard\libc_nano.a(lib_a-lock.o)
                0x000000000800c566                __retarget_lock_release_recursive
 .text.__swhatbuf_r
                0x000000000800c568       0x4a c:/st/stm32cubeide_1.11.2/stm32cubeide/plugins/com.st.stm32cube.ide.mcu.externaltools.gnu-tools-for-stm32.10.3-2021.10.win32_1.0.200.202301161003/tools/bin/../lib/gcc/arm-none-eabi/10.3.1/../../../../arm-none-eabi/lib/thumb/v7e-m+fp/hard\libc_nano.a(lib_a-makebuf.o)
                0x000000000800c568                __swhatbuf_r
 *fill*         0x000000000800c5b2        0x2 
 .text.__smakebuf_r
                0x000000000800c5b4       0x80 c:/st/stm32cubeide_1.11.2/stm32cubeide/plugins/com.st.stm32cube.ide.mcu.externaltools.gnu-tools-for-stm32.10.3-2021.10.win32_1.0.200.202301161003/tools/bin/../lib/gcc/arm-none-eabi/10.3.1/../../../../arm-none-eabi/lib/thumb/v7e-m+fp/hard\libc_nano.a(lib_a-makebuf.o)
                0x000000000800c5b4                __smakebuf_r
 .text._free_r  0x000000000800c634       0x98 c:/st/stm32cubeide_1.11.2/stm32cubeide/plugins/com.st.stm32cube.ide.mcu.externaltools.gnu-tools-for-stm32.10.3-2021.10.win32_1.0.200.202301161003/tools/bin/../lib/gcc/arm-none-eabi/10.3.1/../../../../arm-none-eabi/lib/thumb/v7e-m+fp/hard\libc_nano.a(lib_a-nano-freer.o)
                0x000000000800c634                _free_r
 .text.sbrk_aligned
                0x000000000800c6cc       0x40 c:/st/stm32cubeide_1.11.2/stm32cubeide/plugins/com.st.stm32cube.ide.mcu.externaltools.gnu-tools-for-stm32.10.3-2021.10.win32_1.0.200.202301161003/tools/bin/../lib/gcc/arm-none-eabi/10.3.1/../../../../arm-none-eabi/lib/thumb/v7e-m+fp/hard\libc_nano.a(lib_a-nano-mallocr.o)
 .text._malloc_r
                0x000000000800c70c       0xe8 c:/st/stm32cubeide_1.11.2/stm32cubeide/plugins/com.st.stm32cube.ide.mcu.externaltools.gnu-tools-for-stm32.10.3-2021.10.win32_1.0.200.202301161003/tools/bin/../lib/gcc/arm-none-eabi/10.3.1/../../../../arm-none-eabi/lib/thumb/v7e-m+fp/hard\libc_nano.a(lib_a-nano-mallocr.o)
                0x000000000800c70c                _malloc_r
 .text.__ssputs_r
                0x000000000800c7f4       0xb6 c:/st/stm32cubeide_1.11.2/stm32cubeide/plugins/com.st.stm32cube.ide.mcu.externaltools.gnu-tools-for-stm32.10.3-2021.10.win32_1.0.200.202301161003/tools/bin/../lib/gcc/arm-none-eabi/10.3.1/../../../../arm-none-eabi/lib/thumb/v7e-m+fp/hard\libc_nano.a(lib_a-nano-svfprintf.o)
                0x000000000800c7f4                __ssputs_r
 *fill*         0x000000000800c8aa        0x2 
 .text._svfprintf_r
                0x000000000800c8ac      0x200 c:/st/stm32cubeide_1.11.2/stm32cubeide/plugins/com.st.stm32cube.ide.mcu.externaltools.gnu-tools-for-stm32.10.3-2021.10.win32_1.0.200.202301161003/tools/bin/../lib/gcc/arm-none-eabi/10.3.1/../../../../arm-none-eabi/lib/thumb/v7e-m+fp/hard\libc_nano.a(lib_a-nano-svfprintf.o)
                0x000000000800c8ac                _svfiprintf_r
                0x000000000800c8ac                _svfprintf_r
 .text.__sfputc_r
                0x000000000800caac       0x2e c:/st/stm32cubeide_1.11.2/stm32cubeide/plugins/com.st.stm32cube.ide.mcu.externaltools.gnu-tools-for-stm32.10.3-2021.10.win32_1.0.200.202301161003/tools/bin/../lib/gcc/arm-none-eabi/10.3.1/../../../../arm-none-eabi/lib/thumb/v7e-m+fp/hard\libc_nano.a(lib_a-nano-vfprintf.o)
 .text.__sfputs_r
                0x000000000800cada       0x24 c:/st/stm32cubeide_1.11.2/stm32cubeide/plugins/com.st.stm32cube.ide.mcu.externaltools.gnu-tools-for-stm32.10.3-2021.10.win32_1.0.200.202301161003/tools/bin/../lib/gcc/arm-none-eabi/10.3.1/../../../../arm-none-eabi/lib/thumb/v7e-m+fp/hard\libc_nano.a(lib_a-nano-vfprintf.o)
                0x000000000800cada                __sfputs_r
 *fill*         0x000000000800cafe        0x2 
 .text._vfprintf_r
                0x000000000800cb00      0x260 c:/st/stm32cubeide_1.11.2/stm32cubeide/plugins/com.st.stm32cube.ide.mcu.externaltools.gnu-tools-for-stm32.10.3-2021.10.win32_1.0.200.202301161003/tools/bin/../lib/gcc/arm-none-eabi/10.3.1/../../../../arm-none-eabi/lib/thumb/v7e-m+fp/hard\libc_nano.a(lib_a-nano-vfprintf.o)
                0x000000000800cb00                _vfprintf_r
                0x000000000800cb00                _vfiprintf_r
 .text._printf_common
                0x000000000800cd60       0xda c:/st/stm32cubeide_1.11.2/stm32cubeide/plugins/com.st.stm32cube.ide.mcu.externaltools.gnu-tools-for-stm32.10.3-2021.10.win32_1.0.200.202301161003/tools/bin/../lib/gcc/arm-none-eabi/10.3.1/../../../../arm-none-eabi/lib/thumb/v7e-m+fp/hard\libc_nano.a(lib_a-nano-vfprintf_i.o)
                0x000000000800cd60                _printf_common
 *fill*         0x000000000800ce3a        0x2 
 .text._printf_i
                0x000000000800ce3c      0x24c c:/st/stm32cubeide_1.11.2/stm32cubeide/plugins/com.st.stm32cube.ide.mcu.externaltools.gnu-tools-for-stm32.10.3-2021.10.win32_1.0.200.202301161003/tools/bin/../lib/gcc/arm-none-eabi/10.3.1/../../../../arm-none-eabi/lib/thumb/v7e-m+fp/hard\libc_nano.a(lib_a-nano-vfprintf_i.o)
                0x000000000800ce3c                _printf_i
 .text._sbrk_r  0x000000000800d088       0x20 c:/st/stm32cubeide_1.11.2/stm32cubeide/plugins/com.st.stm32cube.ide.mcu.externaltools.gnu-tools-for-stm32.10.3-2021.10.win32_1.0.200.202301161003/tools/bin/../lib/gcc/arm-none-eabi/10.3.1/../../../../arm-none-eabi/lib/thumb/v7e-m+fp/hard\libc_nano.a(lib_a-sbrkr.o)
                0x000000000800d088                _sbrk_r
 .text.__sread  0x000000000800d0a8       0x22 c:/st/stm32cubeide_1.11.2/stm32cubeide/plugins/com.st.stm32cube.ide.mcu.externaltools.gnu-tools-for-stm32.10.3-2021.10.win32_1.0.200.202301161003/tools/bin/../lib/gcc/arm-none-eabi/10.3.1/../../../../arm-none-eabi/lib/thumb/v7e-m+fp/hard\libc_nano.a(lib_a-stdio.o)
                0x000000000800d0a8                __sread
 .text.__swrite
                0x000000000800d0ca       0x38 c:/st/stm32cubeide_1.11.2/stm32cubeide/plugins/com.st.stm32cube.ide.mcu.externaltools.gnu-tools-for-stm32.10.3-2021.10.win32_1.0.200.202301161003/tools/bin/../lib/gcc/arm-none-eabi/10.3.1/../../../../arm-none-eabi/lib/thumb/v7e-m+fp/hard\libc_nano.a(lib_a-stdio.o)
                0x000000000800d0ca                __swrite
 .text.__sseek  0x000000000800d102       0x24 c:/st/stm32cubeide_1.11.2/stm32cubeide/plugins/com.st.stm32cube.ide.mcu.externaltools.gnu-tools-for-stm32.10.3-2021.10.win32_1.0.200.202301161003/tools/bin/../lib/gcc/arm-none-eabi/10.3.1/../../../../arm-none-eabi/lib/thumb/v7e-m+fp/hard\libc_nano.a(lib_a-stdio.o)
                0x000000000800d102                __sseek
 .text.__sclose
                0x000000000800d126        0x8 c:/st/stm32cubeide_1.11.2/stm32cubeide/plugins/com.st.stm32cube.ide.mcu.externaltools.gnu-tools-for-stm32.10.3-2021.10.win32_1.0.200.202301161003/tools/bin/../lib/gcc/arm-none-eabi/10.3.1/../../../../arm-none-eabi/lib/thumb/v7e-m+fp/hard\libc_nano.a(lib_a-stdio.o)
                0x000000000800d126                __sclose
 *fill*         0x000000000800d12e        0x2 
 .text._write_r
                0x000000000800d130       0x24 c:/st/stm32cubeide_1.11.2/stm32cubeide/plugins/com.st.stm32cube.ide.mcu.externaltools.gnu-tools-for-stm32.10.3-2021.10.win32_1.0.200.202301161003/tools/bin/../lib/gcc/arm-none-eabi/10.3.1/../../../../arm-none-eabi/lib/thumb/v7e-m+fp/hard\libc_nano.a(lib_a-writer.o)
                0x000000000800d130                _write_r
 .text._close_r
                0x000000000800d154       0x20 c:/st/stm32cubeide_1.11.2/stm32cubeide/plugins/com.st.stm32cube.ide.mcu.externaltools.gnu-tools-for-stm32.10.3-2021.10.win32_1.0.200.202301161003/tools/bin/../lib/gcc/arm-none-eabi/10.3.1/../../../../arm-none-eabi/lib/thumb/v7e-m+fp/hard\libc_nano.a(lib_a-closer.o)
                0x000000000800d154                _close_r
 .text._fstat_r
                0x000000000800d174       0x24 c:/st/stm32cubeide_1.11.2/stm32cubeide/plugins/com.st.stm32cube.ide.mcu.externaltools.gnu-tools-for-stm32.10.3-2021.10.win32_1.0.200.202301161003/tools/bin/../lib/gcc/arm-none-eabi/10.3.1/../../../../arm-none-eabi/lib/thumb/v7e-m+fp/hard\libc_nano.a(lib_a-fstatr.o)
                0x000000000800d174                _fstat_r
 .text._isatty_r
                0x000000000800d198       0x20 c:/st/stm32cubeide_1.11.2/stm32cubeide/plugins/com.st.stm32cube.ide.mcu.externaltools.gnu-tools-for-stm32.10.3-2021.10.win32_1.0.200.202301161003/tools/bin/../lib/gcc/arm-none-eabi/10.3.1/../../../../arm-none-eabi/lib/thumb/v7e-m+fp/hard\libc_nano.a(lib_a-isattyr.o)
                0x000000000800d198                _isatty_r
 .text._lseek_r
                0x000000000800d1b8       0x24 c:/st/stm32cubeide_1.11.2/stm32cubeide/plugins/com.st.stm32cube.ide.mcu.externaltools.gnu-tools-for-stm32.10.3-2021.10.win32_1.0.200.202301161003/tools/bin/../lib/gcc/arm-none-eabi/10.3.1/../../../../arm-none-eabi/lib/thumb/v7e-m+fp/hard\libc_nano.a(lib_a-lseekr.o)
                0x000000000800d1b8                _lseek_r
 .text.memmove  0x000000000800d1dc       0x34 c:/st/stm32cubeide_1.11.2/stm32cubeide/plugins/com.st.stm32cube.ide.mcu.externaltools.gnu-tools-for-stm32.10.3-2021.10.win32_1.0.200.202301161003/tools/bin/../lib/gcc/arm-none-eabi/10.3.1/../../../../arm-none-eabi/lib/thumb/v7e-m+fp/hard\libc_nano.a(lib_a-memmove.o)
                0x000000000800d1dc                memmove
 .text.__malloc_lock
                0x000000000800d210        0xc c:/st/stm32cubeide_1.11.2/stm32cubeide/plugins/com.st.stm32cube.ide.mcu.externaltools.gnu-tools-for-stm32.10.3-2021.10.win32_1.0.200.202301161003/tools/bin/../lib/gcc/arm-none-eabi/10.3.1/../../../../arm-none-eabi/lib/thumb/v7e-m+fp/hard\libc_nano.a(lib_a-mlock.o)
                0x000000000800d210                __malloc_lock
 .text.__malloc_unlock
                0x000000000800d21c        0xc c:/st/stm32cubeide_1.11.2/stm32cubeide/plugins/com.st.stm32cube.ide.mcu.externaltools.gnu-tools-for-stm32.10.3-2021.10.win32_1.0.200.202301161003/tools/bin/../lib/gcc/arm-none-eabi/10.3.1/../../../../arm-none-eabi/lib/thumb/v7e-m+fp/hard\libc_nano.a(lib_a-mlock.o)
                0x000000000800d21c                __malloc_unlock
 .text._realloc_r
                0x000000000800d228       0x5e c:/st/stm32cubeide_1.11.2/stm32cubeide/plugins/com.st.stm32cube.ide.mcu.externaltools.gnu-tools-for-stm32.10.3-2021.10.win32_1.0.200.202301161003/tools/bin/../lib/gcc/arm-none-eabi/10.3.1/../../../../arm-none-eabi/lib/thumb/v7e-m+fp/hard\libc_nano.a(lib_a-nano-reallocr.o)
                0x000000000800d228                _realloc_r
 *fill*         0x000000000800d286        0x2 
 .text._read_r  0x000000000800d288       0x24 c:/st/stm32cubeide_1.11.2/stm32cubeide/plugins/com.st.stm32cube.ide.mcu.externaltools.gnu-tools-for-stm32.10.3-2021.10.win32_1.0.200.202301161003/tools/bin/../lib/gcc/arm-none-eabi/10.3.1/../../../../arm-none-eabi/lib/thumb/v7e-m+fp/hard\libc_nano.a(lib_a-readr.o)
                0x000000000800d288                _read_r
 .text._malloc_usable_size_r
                0x000000000800d2ac       0x10 c:/st/stm32cubeide_1.11.2/stm32cubeide/plugins/com.st.stm32cube.ide.mcu.externaltools.gnu-tools-for-stm32.10.3-2021.10.win32_1.0.200.202301161003/tools/bin/../lib/gcc/arm-none-eabi/10.3.1/../../../../arm-none-eabi/lib/thumb/v7e-m+fp/hard\libc_nano.a(lib_a-nano-msizer.o)
                0x000000000800d2ac                _malloc_usable_size_r
 *(.glue_7)
 .glue_7        0x000000000800d2bc        0x0 linker stubs
 *(.glue_7t)
 .glue_7t       0x000000000800d2bc        0x0 linker stubs
 *(.eh_frame)
 .eh_frame      0x000000000800d2bc        0x0 c:/st/stm32cubeide_1.11.2/stm32cubeide/plugins/com.st.stm32cube.ide.mcu.externaltools.gnu-tools-for-stm32.10.3-2021.10.win32_1.0.200.202301161003/tools/bin/../lib/gcc/arm-none-eabi/10.3.1/thumb/v7e-m+fp/hard/crtbegin.o
 *(.init)
 .init          0x000000000800d2bc        0x4 c:/st/stm32cubeide_1.11.2/stm32cubeide/plugins/com.st.stm32cube.ide.mcu.externaltools.gnu-tools-for-stm32.10.3-2021.10.win32_1.0.200.202301161003/tools/bin/../lib/gcc/arm-none-eabi/10.3.1/thumb/v7e-m+fp/hard/crti.o
                0x000000000800d2bc                _init
 .init          0x000000000800d2c0        0x8 c:/st/stm32cubeide_1.11.2/stm32cubeide/plugins/com.st.stm32cube.ide.mcu.externaltools.gnu-tools-for-stm32.10.3-2021.10.win32_1.0.200.202301161003/tools/bin/../lib/gcc/arm-none-eabi/10.3.1/thumb/v7e-m+fp/hard/crtn.o
 *(.fini)
 .fini          0x000000000800d2c8        0x4 c:/st/stm32cubeide_1.11.2/stm32cubeide/plugins/com.st.stm32cube.ide.mcu.externaltools.gnu-tools-for-stm32.10.3-2021.10.win32_1.0.200.202301161003/tools/bin/../lib/gcc/arm-none-eabi/10.3.1/thumb/v7e-m+fp/hard/crti.o
                0x000000000800d2c8                _fini
 .fini          0x000000000800d2cc        0x8 c:/st/stm32cubeide_1.11.2/stm32cubeide/plugins/com.st.stm32cube.ide.mcu.externaltools.gnu-tools-for-stm32.10.3-2021.10.win32_1.0.200.202301161003/tools/bin/../lib/gcc/arm-none-eabi/10.3.1/thumb/v7e-m+fp/hard/crtn.o
                0x000000000800d2d4                . = ALIGN (0x4)
                0x000000000800d2d4                _etext = .

.vfp11_veneer   0x000000000800d2d4        0x0
 .vfp11_veneer  0x000000000800d2d4        0x0 linker stubs

.v4_bx          0x000000000800d2d4        0x0
 .v4_bx         0x000000000800d2d4        0x0 linker stubs

.iplt           0x000000000800d2d4        0x0
 .iplt          0x000000000800d2d4        0x0 c:/st/stm32cubeide_1.11.2/stm32cubeide/plugins/com.st.stm32cube.ide.mcu.externaltools.gnu-tools-for-stm32.10.3-2021.10.win32_1.0.200.202301161003/tools/bin/../lib/gcc/arm-none-eabi/10.3.1/thumb/v7e-m+fp/hard/crtbegin.o

.rodata         0x000000000800d2d4      0x2cc
                0x000000000800d2d4                . = ALIGN (0x4)
 *(.rodata)
 .rodata        0x000000000800d2d4       0xd7 ./Core/Src/main.o
 *fill*         0x000000000800d3ab        0x1 
 .rodata        0x000000000800d3ac       0x46 ./USB_Device/App/usbd_desc.o
 *(.rodata*)
 *fill*         0x000000000800d3f2        0x2 
 .rodata.AHBPrescTable
                0x000000000800d3f4       0x10 ./Core/Src/system_stm32g4xx.o
                0x000000000800d3f4                AHBPrescTable
 .rodata._ctype_
                0x000000000800d404      0x101 c:/st/stm32cubeide_1.11.2/stm32cubeide/plugins/com.st.stm32cube.ide.mcu.externaltools.gnu-tools-for-stm32.10.3-2021.10.win32_1.0.200.202301161003/tools/bin/../lib/gcc/arm-none-eabi/10.3.1/../../../../arm-none-eabi/lib/thumb/v7e-m+fp/hard\libc_nano.a(lib_a-ctype_.o)
                0x000000000800d404                _ctype_
 *fill*         0x000000000800d505        0x3 
 .rodata._global_impure_ptr
                0x000000000800d508        0x4 c:/st/stm32cubeide_1.11.2/stm32cubeide/plugins/com.st.stm32cube.ide.mcu.externaltools.gnu-tools-for-stm32.10.3-2021.10.win32_1.0.200.202301161003/tools/bin/../lib/gcc/arm-none-eabi/10.3.1/../../../../arm-none-eabi/lib/thumb/v7e-m+fp/hard\libc_nano.a(lib_a-impure.o)
                0x000000000800d508                _global_impure_ptr
 .rodata.__sf_fake_stderr
                0x000000000800d50c       0x20 c:/st/stm32cubeide_1.11.2/stm32cubeide/plugins/com.st.stm32cube.ide.mcu.externaltools.gnu-tools-for-stm32.10.3-2021.10.win32_1.0.200.202301161003/tools/bin/../lib/gcc/arm-none-eabi/10.3.1/../../../../arm-none-eabi/lib/thumb/v7e-m+fp/hard\libc_nano.a(lib_a-findfp.o)
                0x000000000800d50c                __sf_fake_stderr
 .rodata.__sf_fake_stdin
                0x000000000800d52c       0x20 c:/st/stm32cubeide_1.11.2/stm32cubeide/plugins/com.st.stm32cube.ide.mcu.externaltools.gnu-tools-for-stm32.10.3-2021.10.win32_1.0.200.202301161003/tools/bin/../lib/gcc/arm-none-eabi/10.3.1/../../../../arm-none-eabi/lib/thumb/v7e-m+fp/hard\libc_nano.a(lib_a-findfp.o)
                0x000000000800d52c                __sf_fake_stdin
 .rodata.__sf_fake_stdout
                0x000000000800d54c       0x20 c:/st/stm32cubeide_1.11.2/stm32cubeide/plugins/com.st.stm32cube.ide.mcu.externaltools.gnu-tools-for-stm32.10.3-2021.10.win32_1.0.200.202301161003/tools/bin/../lib/gcc/arm-none-eabi/10.3.1/../../../../arm-none-eabi/lib/thumb/v7e-m+fp/hard\libc_nano.a(lib_a-findfp.o)
                0x000000000800d54c                __sf_fake_stdout
 .rodata._svfprintf_r.str1.1
                0x000000000800d56c       0x11 c:/st/stm32cubeide_1.11.2/stm32cubeide/plugins/com.st.stm32cube.ide.mcu.externaltools.gnu-tools-for-stm32.10.3-2021.10.win32_1.0.200.202301161003/tools/bin/../lib/gcc/arm-none-eabi/10.3.1/../../../../arm-none-eabi/lib/thumb/v7e-m+fp/hard\libc_nano.a(lib_a-nano-svfprintf.o)
 .rodata._vfprintf_r.str1.1
                0x000000000800d57d       0x11 c:/st/stm32cubeide_1.11.2/stm32cubeide/plugins/com.st.stm32cube.ide.mcu.externaltools.gnu-tools-for-stm32.10.3-2021.10.win32_1.0.200.202301161003/tools/bin/../lib/gcc/arm-none-eabi/10.3.1/../../../../arm-none-eabi/lib/thumb/v7e-m+fp/hard\libc_nano.a(lib_a-nano-vfprintf.o)
 .rodata._printf_i.str1.1
                0x000000000800d57d       0x22 c:/st/stm32cubeide_1.11.2/stm32cubeide/plugins/com.st.stm32cube.ide.mcu.externaltools.gnu-tools-for-stm32.10.3-2021.10.win32_1.0.200.202301161003/tools/bin/../lib/gcc/arm-none-eabi/10.3.1/../../../../arm-none-eabi/lib/thumb/v7e-m+fp/hard\libc_nano.a(lib_a-nano-vfprintf_i.o)
                0x000000000800d5a0                . = ALIGN (0x4)
 *fill*         0x000000000800d59f        0x1 

.rel.dyn        0x000000000800d5a0        0x0
 .rel.iplt      0x000000000800d5a0        0x0 c:/st/stm32cubeide_1.11.2/stm32cubeide/plugins/com.st.stm32cube.ide.mcu.externaltools.gnu-tools-for-stm32.10.3-2021.10.win32_1.0.200.202301161003/tools/bin/../lib/gcc/arm-none-eabi/10.3.1/thumb/v7e-m+fp/hard/crtbegin.o

.ARM.extab      0x000000000800d5a0        0x0
                0x000000000800d5a0                . = ALIGN (0x4)
 *(.ARM.extab* .gnu.linkonce.armextab.*)
                0x000000000800d5a0                . = ALIGN (0x4)

.ARM            0x000000000800d5a0        0x0
                0x000000000800d5a0                . = ALIGN (0x4)
                0x000000000800d5a0                __exidx_start = .
 *(.ARM.exidx*)
                0x000000000800d5a0                __exidx_end = .
                0x000000000800d5a0                . = ALIGN (0x4)

.preinit_array  0x000000000800d5a0        0x0
                0x000000000800d5a0                . = ALIGN (0x4)
                0x000000000800d5a0                PROVIDE (__preinit_array_start = .)
 *(.preinit_array*)
                0x000000000800d5a0                PROVIDE (__preinit_array_end = .)
                0x000000000800d5a0                . = ALIGN (0x4)

.init_array     0x000000000800d5a0        0x4
                0x000000000800d5a0                . = ALIGN (0x4)
                0x000000000800d5a0                PROVIDE (__init_array_start = .)
 *(SORT_BY_NAME(.init_array.*))
 *(.init_array*)
 .init_array    0x000000000800d5a0        0x4 c:/st/stm32cubeide_1.11.2/stm32cubeide/plugins/com.st.stm32cube.ide.mcu.externaltools.gnu-tools-for-stm32.10.3-2021.10.win32_1.0.200.202301161003/tools/bin/../lib/gcc/arm-none-eabi/10.3.1/thumb/v7e-m+fp/hard/crtbegin.o
                0x000000000800d5a4                PROVIDE (__init_array_end = .)
                0x000000000800d5a4                . = ALIGN (0x4)

.fini_array     0x000000000800d5a4        0x4
                0x000000000800d5a4                . = ALIGN (0x4)
                [!provide]                        PROVIDE (__fini_array_start = .)
 *(SORT_BY_NAME(.fini_array.*))
 *(.fini_array*)
 .fini_array    0x000000000800d5a4        0x4 c:/st/stm32cubeide_1.11.2/stm32cubeide/plugins/com.st.stm32cube.ide.mcu.externaltools.gnu-tools-for-stm32.10.3-2021.10.win32_1.0.200.202301161003/tools/bin/../lib/gcc/arm-none-eabi/10.3.1/thumb/v7e-m+fp/hard/crtbegin.o
                [!provide]                        PROVIDE (__fini_array_end = .)
                0x000000000800d5a8                . = ALIGN (0x4)
                0x000000000800d5a8                _sidata = LOADADDR (.data)

.data           0x0000000020000000      0x1f8 load address 0x000000000800d5a8
                0x0000000020000000                . = ALIGN (0x4)
                0x0000000020000000                _sdata = .
 *(.data)
 *(.data*)
 .data.xRes     0x0000000020000000        0x2 ./Core/Src/main.o
                0x0000000020000000                xRes
 .data.yRes     0x0000000020000002        0x2 ./Core/Src/main.o
                0x0000000020000002                yRes
 .data.skipSteps
                0x0000000020000004        0x2 ./Core/Src/main.o
                0x0000000020000004                skipSteps
 .data.xOffset  0x0000000020000006        0x2 ./Core/Src/main.o
                0x0000000020000006                xOffset
 .data.yOffset  0x0000000020000008        0x2 ./Core/Src/main.o
                0x0000000020000008                yOffset
 .data.adcAvg   0x000000002000000a        0x1 ./Core/Src/main.o
                0x000000002000000a                adcAvg
 *fill*         0x000000002000000b        0x1 
 .data.laserPower
                0x000000002000000c        0x2 ./Core/Src/main.o
                0x000000002000000c                laserPower
 *fill*         0x000000002000000e        0x2 
 .data.SystemCoreClock
                0x0000000020000010        0x4 ./Core/Src/system_stm32g4xx.o
                0x0000000020000010                SystemCoreClock
 .data.uwTickPrio
                0x0000000020000014        0x4 ./Drivers/STM32G4xx_HAL_Driver/Src/stm32g4xx_hal.o
                0x0000000020000014                uwTickPrio
 .data.uwTickFreq
                0x0000000020000018        0x4 ./Drivers/STM32G4xx_HAL_Driver/Src/stm32g4xx_hal.o
                0x0000000020000018                uwTickFreq
 .data.USBD_CDC_DeviceQualifierDesc
                0x000000002000001c        0xa ./Middlewares/ST/STM32_USB_Device_Library/Class/CDC/Src/usbd_cdc.o
 *fill*         0x0000000020000026        0x2 
 .data.USBD_CDC
                0x0000000020000028       0x38 ./Middlewares/ST/STM32_USB_Device_Library/Class/CDC/Src/usbd_cdc.o
                0x0000000020000028                USBD_CDC
 .data.USBD_CDC_CfgHSDesc
                0x0000000020000060       0x43 ./Middlewares/ST/STM32_USB_Device_Library/Class/CDC/Src/usbd_cdc.o
 *fill*         0x00000000200000a3        0x1 
 .data.USBD_CDC_CfgFSDesc
                0x00000000200000a4       0x43 ./Middlewares/ST/STM32_USB_Device_Library/Class/CDC/Src/usbd_cdc.o
 *fill*         0x00000000200000e7        0x1 
 .data.USBD_CDC_OtherSpeedCfgDesc
                0x00000000200000e8       0x43 ./Middlewares/ST/STM32_USB_Device_Library/Class/CDC/Src/usbd_cdc.o
 *fill*         0x000000002000012b        0x1 
 .data.USBD_Interface_fops_FS
                0x000000002000012c       0x14 ./USB_Device/App/usbd_cdc_if.o
                0x000000002000012c                USBD_Interface_fops_FS
 .data.CDC_Desc
                0x0000000020000140       0x20 ./USB_Device/App/usbd_desc.o
                0x0000000020000140                CDC_Desc
 .data.USBD_CDC_DeviceDesc
                0x0000000020000160       0x12 ./USB_Device/App/usbd_desc.o
                0x0000000020000160                USBD_CDC_DeviceDesc
 *fill*         0x0000000020000172        0x2 
 .data.USBD_LangIDDesc
                0x0000000020000174        0x4 ./USB_Device/App/usbd_desc.o
                0x0000000020000174                USBD_LangIDDesc
 .data.USBD_StringSerial
                0x0000000020000178       0x1a ./USB_Device/App/usbd_desc.o
                0x0000000020000178                USBD_StringSerial
 *fill*         0x0000000020000192        0x2 
 .data._impure_ptr
                0x0000000020000194        0x4 c:/st/stm32cubeide_1.11.2/stm32cubeide/plugins/com.st.stm32cube.ide.mcu.externaltools.gnu-tools-for-stm32.10.3-2021.10.win32_1.0.200.202301161003/tools/bin/../lib/gcc/arm-none-eabi/10.3.1/../../../../arm-none-eabi/lib/thumb/v7e-m+fp/hard\libc_nano.a(lib_a-impure.o)
                0x0000000020000194                _impure_ptr
 .data.impure_data
                0x0000000020000198       0x60 c:/st/stm32cubeide_1.11.2/stm32cubeide/plugins/com.st.stm32cube.ide.mcu.externaltools.gnu-tools-for-stm32.10.3-2021.10.win32_1.0.200.202301161003/tools/bin/../lib/gcc/arm-none-eabi/10.3.1/../../../../arm-none-eabi/lib/thumb/v7e-m+fp/hard\libc_nano.a(lib_a-impure.o)
 *(.RamFunc)
 *(.RamFunc*)
                0x00000000200001f8                . = ALIGN (0x4)
                0x00000000200001f8                _edata = .

.igot.plt       0x00000000200001f8        0x0 load address 0x000000000800d7a0
 .igot.plt      0x00000000200001f8        0x0 c:/st/stm32cubeide_1.11.2/stm32cubeide/plugins/com.st.stm32cube.ide.mcu.externaltools.gnu-tools-for-stm32.10.3-2021.10.win32_1.0.200.202301161003/tools/bin/../lib/gcc/arm-none-eabi/10.3.1/thumb/v7e-m+fp/hard/crtbegin.o
                0x00000000200001f8                . = ALIGN (0x4)

.bss            0x00000000200001f8     0x1cbc load address 0x000000000800d7a0
                0x00000000200001f8                _sbss = .
                0x00000000200001f8                __bss_start__ = _sbss
 *(.bss)
 .bss           0x00000000200001f8       0x1c c:/st/stm32cubeide_1.11.2/stm32cubeide/plugins/com.st.stm32cube.ide.mcu.externaltools.gnu-tools-for-stm32.10.3-2021.10.win32_1.0.200.202301161003/tools/bin/../lib/gcc/arm-none-eabi/10.3.1/thumb/v7e-m+fp/hard/crtbegin.o
 *(.bss*)
 .bss.hadc1     0x0000000020000214       0x6c ./Core/Src/main.o
                0x0000000020000214                hadc1
 .bss.hadc5     0x0000000020000280       0x6c ./Core/Src/main.o
                0x0000000020000280                hadc5
 .bss.hdac1     0x00000000200002ec       0x14 ./Core/Src/main.o
                0x00000000200002ec                hdac1
 .bss.hdac2     0x0000000020000300       0x14 ./Core/Src/main.o
                0x0000000020000300                hdac2
 .bss.hdac3     0x0000000020000314       0x14 ./Core/Src/main.o
                0x0000000020000314                hdac3
 .bss.hopamp1   0x0000000020000328       0x3c ./Core/Src/main.o
                0x0000000020000328                hopamp1
 .bss.hopamp3   0x0000000020000364       0x3c ./Core/Src/main.o
                0x0000000020000364                hopamp3
 .bss.hopamp4   0x00000000200003a0       0x3c ./Core/Src/main.o
                0x00000000200003a0                hopamp4
 .bss.hopamp6   0x00000000200003dc       0x3c ./Core/Src/main.o
                0x00000000200003dc                hopamp6
 .bss.htim1     0x0000000020000418       0x4c ./Core/Src/main.o
                0x0000000020000418                htim1
 .bss.pgaGain   0x0000000020000464        0x4 ./Core/Src/main.o
                0x0000000020000464                pgaGain
 .bss.scanOffsetX
                0x0000000020000468        0x4 ./Core/Src/main.o
                0x0000000020000468                scanOffsetX
 .bss.scanOffsetY
                0x000000002000046c        0x4 ./Core/Src/main.o
                0x000000002000046c                scanOffsetY
 .bss.buffer    0x0000000020000470       0x40 ./Core/Src/main.o
                0x0000000020000470                buffer
 .bss.newReceived
                0x00000000200004b0        0x1 ./Core/Src/main.o
                0x00000000200004b0                newReceived
 .bss.rc.1      0x00000000200004b1        0x1 ./Core/Src/main.o
 .bss.rc.0      0x00000000200004b2        0x1 ./Core/Src/main.o
 *fill*         0x00000000200004b3        0x1 
 .bss.__sbrk_heap_end
                0x00000000200004b4        0x4 ./Core/Src/sysmem.o
 .bss.uwTick    0x00000000200004b8        0x4 ./Drivers/STM32G4xx_HAL_Driver/Src/stm32g4xx_hal.o
                0x00000000200004b8                uwTick
 .bss.cfgidx.0  0x00000000200004bc        0x1 ./Middlewares/ST/STM32_USB_Device_Library/Core/Src/usbd_ctlreq.o
 *fill*         0x00000000200004bd        0x3 
 .bss.hUsbDeviceFS
                0x00000000200004c0      0x2d0 ./USB_Device/App/usb_device.o