../Core/Src/main.c:112:6:delay_us	16	static
../Core/Src/main.c:119:5:_write	24	static
../Core/Src/main.c:139:10:analogRead	24	static
../Core/Src/main.c:160:10:getNum	16	static
../Core/Src/main.c:173:9:fineFocus	40	static
../Core/Src/main.c:226:10:coarseFocus	32	static
../Core/Src/main.c:268:6:scan	56	dynamic
../Core/Src/main.c:335:5:main	16	static
../Core/Src/main.c:596:6:SystemClock_Config	88	static
../Core/Src/main.c:642:13:MX_ADC1_Init	56	static
../Core/Src/main.c:710:13:MX_ADC5_Init	40	static
../Core/Src/main.c:769:13:MX_DAC1_Init	56	static
../Core/Src/main.c:823:13:MX_DAC2_Init	56	static
../Core/Src/main.c:870:13:MX_DAC3_Init	56	static
../Core/Src/main.c:924:13:MX_OPAMP1_Init	8	static
../Core/Src/main.c:958:13:MX_OPAMP3_Init	8	static
../Core/Src/main.c:990:13:MX_OPAMP4_Init	8	static
../Core/Src/main.c:1024:13:MX_OPAMP6_Init	8	static
../Core/Src/main.c:1056:13:MX_TIM1_Init	40	static
../Core/Src/main.c:1103:13:MX_GPIO_Init	24	static
../Core/Src/main.c:1121:6:Error_Handler	4	static,ignoring_inline_asm
