../Core/Src/main.c:113:6:delay_us	16	static
../Core/Src/main.c:121:5:_write	24	static
../Core/Src/main.c:141:10:analogRead	24	static
../Core/Src/main.c:162:10:getNum	16	static
../Core/Src/main.c:175:9:fineFocus	40	static
../Core/Src/main.c:228:10:coarseFocus	32	static
../Core/Src/main.c:270:6:scan	56	dynamic
../Core/Src/main.c:342:5:main	16	static
../Core/Src/main.c:591:6:SystemClock_Config	88	static
../Core/Src/main.c:637:13:MX_ADC1_Init	56	static
../Core/Src/main.c:705:13:MX_ADC5_Init	40	static
../Core/Src/main.c:764:13:MX_DAC1_Init	56	static
../Core/Src/main.c:818:13:MX_DAC2_Init	56	static
../Core/Src/main.c:865:13:MX_DAC3_Init	56	static
../Core/Src/main.c:919:13:MX_OPAMP1_Init	8	static
../Core/Src/main.c:953:13:MX_OPAMP3_Init	8	static
../Core/Src/main.c:985:13:MX_OPAMP4_Init	8	static
../Core/Src/main.c:1019:13:MX_OPAMP6_Init	8	static
../Core/Src/main.c:1051:13:MX_TIM1_Init	40	static
../Core/Src/main.c:1098:13:MX_GPIO_Init	24	static
../Core/Src/main.c:1116:6:Error_Handler	4	static,ignoring_inline_asm
